Archive member included to satisfy reference by file (symbol)

d:/gcc-arm-10.3-2021.07-mingw-w64-i686-aarch64-none-elf/bin/../lib/gcc/aarch64-none-elf/10.3.1\libc.a(lib_a-atoi.o)
                              build\kernel\components\drivers\misc\pin.o (atoi)
d:/gcc-arm-10.3-2021.07-mingw-w64-i686-aarch64-none-elf/bin/../lib/gcc/aarch64-none-elf/10.3.1\libc.a(lib_a-ctype_.o)
                              build\kernel\components\drivers\misc\pin.o (_ctype_)
d:/gcc-arm-10.3-2021.07-mingw-w64-i686-aarch64-none-elf/bin/../lib/gcc/aarch64-none-elf/10.3.1\libc.a(lib_a-malloc.o)
                              build\kernel\components\libc\compilers\common\cstring.o (malloc)
d:/gcc-arm-10.3-2021.07-mingw-w64-i686-aarch64-none-elf/bin/../lib/gcc/aarch64-none-elf/10.3.1\libc.a(lib_a-memcmp.o)
                              build\kernel\components\finsh\shell.o (memcmp)
d:/gcc-arm-10.3-2021.07-mingw-w64-i686-aarch64-none-elf/bin/../lib/gcc/aarch64-none-elf/10.3.1\libc.a(lib_a-strchr.o)
                              build\kernel\components\libc\compilers\common\cstring.o (strchr)
d:/gcc-arm-10.3-2021.07-mingw-w64-i686-aarch64-none-elf/bin/../lib/gcc/aarch64-none-elf/10.3.1\libc.a(lib_a-strcmp.o)
                              build\kernel\components\finsh\cmd.o (strcmp)
d:/gcc-arm-10.3-2021.07-mingw-w64-i686-aarch64-none-elf/bin/../lib/gcc/aarch64-none-elf/10.3.1\libc.a(lib_a-strcpy.o)
                              build\kernel\components\finsh\shell.o (strcpy)
d:/gcc-arm-10.3-2021.07-mingw-w64-i686-aarch64-none-elf/bin/../lib/gcc/aarch64-none-elf/10.3.1\libc.a(lib_a-strlen.o)
                              build\kernel\components\finsh\msh.o (strlen)
d:/gcc-arm-10.3-2021.07-mingw-w64-i686-aarch64-none-elf/bin/../lib/gcc/aarch64-none-elf/10.3.1\libc.a(lib_a-strncat.o)
                              build\kernel\components\drivers\misc\pin.o (strncat)
d:/gcc-arm-10.3-2021.07-mingw-w64-i686-aarch64-none-elf/bin/../lib/gcc/aarch64-none-elf/10.3.1\libc.a(lib_a-strncmp.o)
                              build\kernel\components\finsh\msh.o (strncmp)
d:/gcc-arm-10.3-2021.07-mingw-w64-i686-aarch64-none-elf/bin/../lib/gcc/aarch64-none-elf/10.3.1\libc.a(lib_a-strncpy.o)
                              build\kernel\components\finsh\shell.o (strncpy)
d:/gcc-arm-10.3-2021.07-mingw-w64-i686-aarch64-none-elf/bin/../lib/gcc/aarch64-none-elf/10.3.1\libc.a(lib_a-strrchr.o)
                              build\kernel\components\libc\compilers\common\cstring.o (strrchr)
d:/gcc-arm-10.3-2021.07-mingw-w64-i686-aarch64-none-elf/bin/../lib/gcc/aarch64-none-elf/10.3.1\libc.a(lib_a-strtol.o)
                              d:/gcc-arm-10.3-2021.07-mingw-w64-i686-aarch64-none-elf/bin/../lib/gcc/aarch64-none-elf/10.3.1\libc.a(lib_a-atoi.o) (_strtol_r)
d:/gcc-arm-10.3-2021.07-mingw-w64-i686-aarch64-none-elf/bin/../lib/gcc/aarch64-none-elf/10.3.1\libc.a(lib_a-impure.o)
                              d:/gcc-arm-10.3-2021.07-mingw-w64-i686-aarch64-none-elf/bin/../lib/gcc/aarch64-none-elf/10.3.1\libc.a(lib_a-malloc.o) (_impure_ptr)

Discarded input sections

 .data          0x0000000000000000        0x0 build\applications\main.o
 .bss           0x0000000000000000        0x0 build\applications\main.o
 .bss           0x0000000000000000        0x0 build\driver\board.o
 .data          0x0000000000000000        0x0 build\kernel\components\drivers\ipc\completion.o
 .bss           0x0000000000000000        0x0 build\kernel\components\drivers\ipc\completion.o
 .text          0x0000000000000000      0xe0c build\kernel\components\drivers\ipc\dataqueue.o
 .data          0x0000000000000000        0x0 build\kernel\components\drivers\ipc\dataqueue.o
 .bss           0x0000000000000000        0x0 build\kernel\components\drivers\ipc\dataqueue.o
 .rodata        0x0000000000000000      0x1aa build\kernel\components\drivers\ipc\dataqueue.o
 .debug_info    0x0000000000000000      0xaf6 build\kernel\components\drivers\ipc\dataqueue.o
 .debug_abbrev  0x0000000000000000      0x25f build\kernel\components\drivers\ipc\dataqueue.o
 .debug_loc     0x0000000000000000      0x2fb build\kernel\components\drivers\ipc\dataqueue.o
 .debug_aranges
                0x0000000000000000       0x30 build\kernel\components\drivers\ipc\dataqueue.o
 .debug_line    0x0000000000000000      0x5ae build\kernel\components\drivers\ipc\dataqueue.o
 .debug_str     0x0000000000000000      0x54b build\kernel\components\drivers\ipc\dataqueue.o
 .comment       0x0000000000000000       0x5e build\kernel\components\drivers\ipc\dataqueue.o
 .debug_frame   0x0000000000000000      0x188 build\kernel\components\drivers\ipc\dataqueue.o
 .text          0x0000000000000000      0x55c build\kernel\components\drivers\ipc\pipe.o
 .data          0x0000000000000000        0x0 build\kernel\components\drivers\ipc\pipe.o
 .bss           0x0000000000000000        0x0 build\kernel\components\drivers\ipc\pipe.o
 .rodata        0x0000000000000000       0x77 build\kernel\components\drivers\ipc\pipe.o
[...]
Memory Configuration

Name             Origin             Length             Attributes
*default*        0x0000000000000000 0xffffffffffffffff

Linker script and memory map

LOAD build\applications\main.o
LOAD build\driver\board.o
LOAD build\driver\drv_uart.o
LOAD build\kernel\components\drivers\ipc\completion.o
LOAD build\kernel\components\drivers\ipc\dataqueue.o
LOAD build\kernel\components\drivers\ipc\pipe.o
LOAD build\kernel\components\drivers\ipc\ringblk_buf.o
LOAD build\kernel\components\drivers\ipc\ringbuffer.o
LOAD build\kernel\components\drivers\ipc\waitqueue.o
LOAD build\kernel\components\drivers\ipc\workqueue.o
LOAD build\kernel\components\drivers\misc\pin.o
LOAD build\kernel\components\drivers\serial\serial.o
LOAD build\kernel\components\finsh\cmd.o
LOAD build\kernel\components\finsh\msh.o
LOAD build\kernel\components\finsh\msh_parse.o
LOAD build\kernel\components\finsh\shell.o
LOAD build\kernel\components\libc\compilers\common\cctype.o
LOAD build\kernel\components\libc\compilers\common\cstdio.o
LOAD build\kernel\components\libc\compilers\common\cstdlib.o
LOAD build\kernel\components\libc\compilers\common\cstring.o
LOAD build\kernel\components\libc\compilers\common\ctime.o
LOAD build\kernel\components\libc\compilers\common\cwchar.o
LOAD build\kernel\components\libc\compilers\newlib\syscalls.o
LOAD build\kernel\components\mm\avl_adpt.o
LOAD build\kernel\components\mm\ioremap.o
LOAD build\kernel\components\mm\mm_aspace.o
LOAD build\kernel\components\mm\mm_fault.o
LOAD build\kernel\components\mm\mm_kmem.o
LOAD build\kernel\components\mm\mm_object.o
LOAD build\kernel\components\mm\mm_page.o
LOAD build\kernel\components\utilities\libadt\avl.o
LOAD build\kernel\libcpu\aarch64\common\backtrace.o
LOAD build\kernel\libcpu\aarch64\common\cache.o
LOAD build\kernel\libcpu\aarch64\common\cache_ops.o
LOAD build\kernel\libcpu\aarch64\common\context_gcc.o
LOAD build\kernel\libcpu\aarch64\common\cpu.o
LOAD build\kernel\libcpu\aarch64\common\cpu_gcc.o
LOAD build\kernel\libcpu\aarch64\common\cpu_psci.o
LOAD build\kernel\libcpu\aarch64\common\cpu_spin_table.o
LOAD build\kernel\libcpu\aarch64\common\exception.o
LOAD build\kernel\libcpu\aarch64\common\gic.o
LOAD build\kernel\libcpu\aarch64\common\gicv3.o
LOAD build\kernel\libcpu\aarch64\common\gtimer.o
LOAD build\kernel\libcpu\aarch64\common\hypercall.o
LOAD build\kernel\libcpu\aarch64\common\interrupt.o
LOAD build\kernel\libcpu\aarch64\common\mmu.o
LOAD build\kernel\libcpu\aarch64\common\psci.o
LOAD build\kernel\libcpu\aarch64\common\smccc.o
LOAD build\kernel\libcpu\aarch64\common\stack.o
LOAD build\kernel\libcpu\aarch64\common\startup_gcc.o
LOAD build\kernel\libcpu\aarch64\common\trap.o
LOAD build\kernel\libcpu\aarch64\common\vector_gcc.o
LOAD build\kernel\libcpu\aarch64\cortex-a\entry_point.o
LOAD build\kernel\src\clock.o
LOAD build\kernel\src\components.o
LOAD build\kernel\src\device.o
LOAD build\kernel\src\idle.o
LOAD build\kernel\src\ipc.o
LOAD build\kernel\src\irq.o
LOAD build\kernel\src\kservice.o
LOAD build\kernel\src\mem.o
LOAD build\kernel\src\memheap.o
LOAD build\kernel\src\mempool.o
LOAD build\kernel\src\object.o
LOAD build\kernel\src\scheduler_up.o
LOAD build\kernel\src\thread.o
LOAD build\kernel\src\timer.o
LOAD d:/gcc-arm-10.3-2021.07-mingw-w64-i686-aarch64-none-elf/bin/../lib/gcc/aarch64-none-elf/10.3.1\libc.a
LOAD d:/gcc-arm-10.3-2021.07-mingw-w64-i686-aarch64-none-elf/bin/../lib/gcc/aarch64-none-elf/10.3.1\libm.a
LOAD d:/gcc-arm-10.3-2021.07-mingw-w64-i686-aarch64-none-elf/bin/../lib/gcc/aarch64-none-elf/10.3.1\libgcc.a
LOAD d:/gcc-arm-10.3-2021.07-mingw-w64-i686-aarch64-none-elf/bin/../lib/gcc/aarch64-none-elf/10.3.1\libg.a
LOAD d:/gcc-arm-10.3-2021.07-mingw-w64-i686-aarch64-none-elf/bin/../lib/gcc/aarch64-none-elf/10.3.1\libc.a
LOAD d:/gcc-arm-10.3-2021.07-mingw-w64-i686-aarch64-none-elf/bin/../lib/gcc/aarch64-none-elf/10.3.1\libgcc.a
                0x0000000000208000                . = 0x208000
                0x0000000000208000                . = ALIGN (0x1000)

.text           0x0000000000208000    0x25960
 *(.text.entrypoint)
 .text.entrypoint
                0x0000000000208000      0x188 build\kernel\libcpu\aarch64\cortex-a\entry_point.o
                0x0000000000208000                __start
 *(.vectors)
 *(.text)
 .text          0x0000000000208188       0x28 build\applications\main.o
                0x0000000000208188                main
 .text          0x00000000002081b0       0xd4 build\driver\board.o
                0x00000000002081b0                idle_wfi
                0x00000000002081bc                rt_hw_board_init
                0x000000000020827c                reboot
 .text          0x0000000000208284      0x674 build\driver\drv_uart.o
                0x00000000002087ec                rt_hw_uart_init
 .text          0x00000000002088f8      0x420 build\kernel\components\drivers\ipc\completion.o
                0x00000000002089a0                rt_completion_init
                0x0000000000208a00                rt_completion_wait
                0x0000000000208c70                rt_completion_done
 .text          0x0000000000208d18      0xcf0 build\kernel\components\drivers\misc\pin.o
                0x0000000000208ef0                rt_device_pin_register
                0x0000000000208f80                rt_pin_attach_irq
                0x0000000000209018                rt_pin_detach_irq
                0x0000000000209098                rt_pin_irq_enable
                0x0000000000209120                rt_pin_mode
                0x000000000020918c                rt_pin_write
                0x00000000002091f8                rt_pin_read
                0x000000000020925c                rt_pin_get
 .text          0x0000000000209a08     0x10ac build\kernel\components\drivers\serial\serial.o
                0x000000000020a7a8                rt_hw_serial_register
                0x000000000020a848                rt_hw_serial_isr
 .text          0x000000000020aab4     0x1848 build\kernel\components\finsh\cmd.o
                0x000000000020ab4c                version
                0x000000000020ad6c                list_thread
                0x000000000020b0b0                list_sem
                0x000000000020b268                list_event
                0x000000000020b408                list_mutex
                0x000000000020b618                list_mailbox
                0x000000000020b7f8                list_msgqueue
                0x000000000020b9b0                list_memheap
                0x000000000020baf8                list_mempool
                0x000000000020bcf0                list_timer
                0x000000000020bea0                list_device
                0x000000000020c02c                cmd_list
 .text          0x000000000020c2fc      0x85c build\kernel\components\finsh\msh.o
                0x000000000020c2fc                msh_help
                0x000000000020c388                cmd_ps
                0x000000000020c3a8                cmd_free
                0x000000000020c8d4                msh_exec
                0x000000000020ca3c                msh_auto_complete
 .text          0x000000000020cb58      0x2a0 build\kernel\components\finsh\msh_parse.o
                0x000000000020cb58                msh_isint
                0x000000000020cc10                msh_ishex
                0x000000000020cd1c                msh_strtohex
 .text          0x000000000020cdf8     0x1454 build\kernel\components\finsh\shell.o
                0x000000000020cdf8                finsh_set_prompt
                0x000000000020ce94                finsh_get_prompt
                0x000000000020cf64                finsh_get_prompt_mode
                0x000000000020cfb8                finsh_set_prompt_mode
                0x000000000020d020                finsh_getchar
                0x000000000020d15c                finsh_set_device
                0x000000000020d2ac                finsh_get_device
                0x000000000020d2f8                finsh_set_echo
                0x000000000020d360                finsh_get_echo
                0x000000000020d684                finsh_thread_entry
                0x000000000020e12c                finsh_system_function_init
                0x000000000020e164                finsh_system_init
 .text          0x000000000020e24c      0x3dc build\kernel\components\libc\compilers\common\cstdlib.o
                0x000000000020e24c                __rt_libc_exit
                0x000000000020e2b8                system
                0x000000000020e2f0                ltoa
                0x000000000020e494                itoa
                0x000000000020e4c0                ultoa
                0x000000000020e5fc                utoa
 .text          0x000000000020e628      0x684 build\kernel\components\libc\compilers\newlib\syscalls.o
                0x000000000020e628                _malloc_r
                0x000000000020e668                _realloc_r
                0x000000000020e6b0                _calloc_r
                0x000000000020e6f8                _free_r
                0x000000000020e71c                __libc_init_array
                0x000000000020e724                __errno
                0x000000000020e738                _getpid_r
                0x000000000020e74c                _close_r
                0x000000000020e7a8                _execve_r
                0x000000000020e7d4                _fcntl_r
                0x000000000020e800                _fork_r
                0x000000000020e820                _fstat_r
                0x000000000020e848                _isatty_r
                0x000000000020e880                _kill_r
                0x000000000020e8a8                _link_r
                0x000000000020e8d0                _wait_r
                0x000000000020e8f4                umask
                0x000000000020e908                flock
                0x000000000020e920                _lseek_r
                0x000000000020e984                _mkdir_r
                0x000000000020e9e4                _open_r
                0x000000000020ea48                _read_r
                0x000000000020eaac                _rename_r
                0x000000000020eb0c                _stat_r
                0x000000000020eb6c                _unlink_r
                0x000000000020ebc8                _write_r
                0x000000000020ec94                _exit
 .text          0x000000000020ecac      0x4ac build\kernel\components\mm\avl_adpt.o
                0x000000000020ecfc                _aspace_bst_init
                0x000000000020eeac                _aspace_bst_search
                0x000000000020eef4                _aspace_bst_search_exceed
                0x000000000020eff8                _aspace_bst_search_overlap
                0x000000000020f030                _aspace_bst_insert
                0x000000000020f11c                _aspace_bst_remove
 .text          0x000000000020f158     0x2348 build\kernel\components\mm\mm_aspace.o
                0x000000000020f344                rt_aspace_init
                0x000000000020f3cc                rt_aspace_create
                0x000000000020f4b0                rt_aspace_detach
                0x000000000020f5a4                rt_aspace_delete
                0x000000000020f760                _varea_map_with_msg
                0x000000000020fe2c                _varea_create
                0x000000000020ff94                rt_aspace_map
                0x00000000002101d0                rt_aspace_map_static
                0x0000000000210364                _mm_aspace_map_phy
                0x00000000002105f0                rt_aspace_map_phy
                0x000000000021069c                rt_aspace_map_phy_static
                0x0000000000210744                _aspace_unmap
                0x0000000000210804                rt_aspace_unmap
                0x0000000000210d58                rt_aspace_load_page
                0x0000000000210ebc                rt_varea_map_page
                0x0000000000211054                rt_varea_map_range
                0x00000000002111d8                rt_aspace_offload_page
                0x00000000002111f4                rt_aspace_control
                0x00000000002112c0                rt_aspace_traversal
                0x0000000000211474                rt_aspace_print_all
 .text          0x00000000002114a0      0x20c build\kernel\components\mm\mm_kmem.o
                0x00000000002114a0                rt_kmem_list
                0x00000000002114c0                rt_kmem_pvoff
                0x00000000002114d0                rt_kmem_pvoff_set
                0x00000000002114f4                rt_kmem_map_phy
                0x0000000000211688                rt_kmem_v2p
 .text          0x00000000002116ac      0x278 build\kernel\components\mm\mm_object.o
                0x00000000002116c4                rt_varea_pgmgr_insert
                0x0000000000211740                rt_varea_pgmgr_pop_all
                0x00000000002117a4                rt_varea_pgmgr_pop
 .text          0x0000000000211924     0x1590 build\kernel\components\mm\mm_page.o
                0x0000000000211b2c                rt_hw_ctz
                0x0000000000211b48                rt_page_bits
                0x0000000000211bb8                rt_page_addr2page
                0x0000000000211be0                rt_page_page2addr
                0x0000000000212468                rt_page_ref_get
                0x00000000002124b0                rt_page_ref_inc
                0x00000000002124f4                rt_pages_alloc
                0x0000000000212550                rt_pages_free
                0x00000000002125a8                rt_page_list
                0x00000000002125a8                list_page
                0x0000000000212698                rt_page_get_info
                0x0000000000212750                rt_page_init
                0x0000000000212d30                rt_page_install
                0x0000000000212e8c                rt_page_cleanup
 .text          0x0000000000212eb4      0x834 build\kernel\components\utilities\libadt\avl.o
                0x00000000002131e4                util_avl_rebalance
                0x0000000000213498                util_avl_remove
 .text          0x00000000002136e8      0x174 build\kernel\libcpu\aarch64\common\backtrace.o
                0x00000000002137c4                backtrace
                0x0000000000213810                rt_backtrace
 .text          0x000000000021385c      0x184 build\kernel\libcpu\aarch64\common\cache.o
                0x000000000021385c                __asm_dcache_level
                0x00000000002138c0                __asm_dcache_all
                0x0000000000213920                __asm_flush_dcache_all
                0x0000000000213928                __asm_invalidate_dcache_all
                0x0000000000213930                __asm_flush_dcache_range
                0x0000000000213964                __asm_invalidate_dcache_range
                0x0000000000213998                __asm_invalidate_icache_range
                0x00000000002139c8                __asm_invalidate_icache_all
                0x00000000002139d8                __asm_flush_l3_cache
 .text          0x00000000002139e0      0x188 build\kernel\libcpu\aarch64\common\cache_ops.o
                0x00000000002139e0                rt_hw_cpu_icache_invalidate
                0x0000000000213a18                rt_hw_cpu_dcache_invalidate
                0x0000000000213a50                rt_hw_cpu_dcache_clean
                0x0000000000213a88                rt_hw_cpu_dcache_clean_and_invalidate
                0x0000000000213ac0                rt_hw_cpu_icache_ops
                0x0000000000213afc                rt_hw_cpu_dcache_ops
                0x0000000000213b58                rt_hw_cpu_icache_status
                0x0000000000213b60                rt_hw_cpu_dcache_status
 *fill*         0x0000000000213b68       0x98 
 .text          0x0000000000213c00      0x950 build\kernel\libcpu\aarch64\common\context_gcc.o
                0x0000000000213c00                rt_hw_cpu_id_set
                0x0000000000213c10                rt_hw_cpu_id
                0x0000000000213c18                rt_hw_set_process_id
                0x0000000000213c20                rt_hw_gtimer_enable
                0x0000000000213c2c                rt_hw_set_gtimer_val
                0x0000000000213c34                rt_hw_get_gtimer_val
                0x0000000000213c3c                rt_hw_get_cntpct_val
                0x0000000000213c44                rt_hw_get_gtimer_frq
                0x0000000000213c4c                rt_hw_interrupt_disable
                0x0000000000213c5c                rt_hw_interrupt_enable
                0x0000000000213c78                rt_hw_context_switch_to
                0x0000000000213d24                rt_hw_context_switch
                0x0000000000213e74                rt_hw_context_switch_interrupt
                0x0000000000213f00                vector_fiq
                0x0000000000214100                vector_irq
                0x0000000000214334                vector_exception
                0x0000000000214488                vector_serror
 .text          0x0000000000214550       0xa8 build\kernel\libcpu\aarch64\common\cpu.o
                0x0000000000214550                rt_hw_cpu_arch
                0x000000000021455c                rt_hw_cpu_shutdown
 .text          0x00000000002145f8      0x108 build\kernel\libcpu\aarch64\common\cpu_gcc.o
                0x00000000002145f8                rt_hw_get_current_el
                0x0000000000214638                rt_hw_set_current_vbar
                0x0000000000214674                rt_hw_set_elx_env
                0x00000000002146bc                rt_cpu_vector_set_base
                0x00000000002146c4                rt_hw_ffz
                0x00000000002146d8                rt_hw_clz
 .text          0x0000000000214700      0x490 build\kernel\libcpu\aarch64\common\exception.o
                0x000000000021497c                process_exception
 .text          0x0000000000214b90     0x2018 build\kernel\libcpu\aarch64\common\gicv3.o
                0x0000000000214b90                arm_gic_get_active_irq
                0x0000000000214bfc                arm_gic_ack
                0x0000000000214c70                arm_gic_mask
                0x0000000000214da4                arm_gic_umask
                0x0000000000214ed8                arm_gic_get_pending_irq
                0x000000000021503c                arm_gic_set_pending_irq
                0x0000000000215154                arm_gic_clear_pending_irq
                0x00000000002152a4                arm_gic_set_configuration
                0x0000000000215408                arm_gic_get_configuration
                0x00000000002154e0                arm_gic_clear_active
                0x00000000002155c4                arm_gic_set_cpu
                0x0000000000215720                arm_gic_get_target_cpu
                0x00000000002157f8                arm_gic_set_priority
                0x0000000000215a64                arm_gic_get_priority
                0x0000000000215bbc                arm_gic_set_system_register_enable_mask
                0x0000000000215c18                arm_gic_get_system_register_enable_mask
                0x0000000000215c5c                arm_gic_set_interface_prior_mask
                0x0000000000215cb0                arm_gic_get_interface_prior_mask
                0x0000000000215cf4                arm_gic_set_binary_point
                0x0000000000215d20                arm_gic_get_binary_point
                0x0000000000215d3c                arm_gic_get_irq_status
                0x0000000000215e84                arm_gic_get_high_pending_irq
                0x0000000000215ec8                arm_gic_get_interface_id
                0x0000000000215f34                arm_gic_set_group
                0x00000000002160b4                arm_gic_get_group
                0x0000000000216258                arm_gic_dist_init
                0x000000000021658c                arm_gic_redist_init
                0x0000000000216804                arm_gic_cpu_init
                0x00000000002168e8                arm_gic_dump_type
                0x00000000002169b4                arm_gic_dump
                0x0000000000216b84                gic_dump
 .text          0x0000000000216ba8      0x12c build\kernel\libcpu\aarch64\common\gtimer.o
                0x0000000000216bfc                rt_hw_gtimer_init
                0x0000000000216c80                rt_hw_gtimer_local_enable
                0x0000000000216cb4                rt_hw_gtimer_local_disable
 .text          0x0000000000216cd4      0x3d8 build\kernel\libcpu\aarch64\common\interrupt.o
                0x0000000000216cec                rt_hw_vector_init
                0x0000000000216d0c                rt_hw_interrupt_init
                0x0000000000216d8c                rt_hw_interrupt_mask
                0x0000000000216db0                rt_hw_interrupt_umask
                0x0000000000216dd4                rt_hw_interrupt_get_irq
                0x0000000000216dec                rt_hw_interrupt_ack
                0x0000000000216e10                rt_hw_interrupt_set_target_cpus
                0x0000000000216e3c                rt_hw_interrupt_get_target_cpus
                0x0000000000216e5c                rt_hw_interrupt_set_triger_mode
                0x0000000000216e88                rt_hw_interrupt_get_triger_mode
                0x0000000000216ea8                rt_hw_interrupt_set_pending
                0x0000000000216ecc                rt_hw_interrupt_get_pending
                0x0000000000216eec                rt_hw_interrupt_clear_pending
                0x0000000000216f10                rt_hw_interrupt_set_priority
                0x0000000000216f40                rt_hw_interrupt_get_priority
                0x0000000000216f60                rt_hw_interrupt_set_priority_mask
                0x0000000000216f88                rt_hw_interrupt_get_priority_mask
                0x0000000000216fa0                rt_hw_interrupt_set_prior_group_bits
                0x0000000000216ff0                rt_hw_interrupt_get_prior_group_bits
                0x000000000021701c                rt_hw_interrupt_install
 .text          0x00000000002170ac     0x127c build\kernel\libcpu\aarch64\common\mmu.o
                0x0000000000217574                rt_hw_mmu_map
                0x00000000002176b4                rt_hw_mmu_unmap
                0x0000000000217744                rt_hw_aspace_switch
                0x00000000002177b4                rt_hw_mmu_ktbl_set
                0x00000000002177f0                rt_hw_mmu_setup
                0x00000000002179e8                rt_hw_mmu_map_init
                0x0000000000217ab0                mmu_tcr_init
                0x0000000000217aec                get_free_page
                0x0000000000217f80                rt_hw_mmu_v2p
                0x0000000000218124                rt_hw_mmu_control
                0x0000000000218240                rt_hw_mem_setup_early
 .text          0x0000000000218328      0x5fc build\kernel\libcpu\aarch64\common\stack.o
                0x0000000000218328                rt_hw_stack_init
 .text          0x0000000000218924        0x4 build\kernel\libcpu\aarch64\common\startup_gcc.o
                0x0000000000218924                SVC_Handler
 .text          0x0000000000218928      0x450 build\kernel\libcpu\aarch64\common\trap.o
                0x0000000000218928                rt_unwind
                0x0000000000218940                rt_hw_show_register
                0x0000000000218b80                rt_hw_trap_irq
                0x0000000000218c14                rt_hw_trap_fiq
                0x0000000000218c8c                rt_hw_trap_exception
                0x0000000000218d30                rt_hw_trap_serror
 *fill*         0x0000000000218d78      0x288 
 .text          0x0000000000219000      0x784 build\kernel\libcpu\aarch64\common\vector_gcc.o
                0x0000000000219000                system_vectors
 .text          0x0000000000219784      0x214 build\kernel\src\clock.o
                0x0000000000219784                rt_tick_sethook
                0x00000000002197a8                rt_tick_get
                0x00000000002197b8                rt_tick_set
                0x00000000002197f0                rt_tick_increase
                0x00000000002198bc                rt_tick_from_millisecond
                0x0000000000219978                rt_tick_get_millisecond
 .text          0x0000000000219998      0x1a0 build\kernel\src\components.o
                0x00000000002199b8                rt_components_board_init
                0x0000000000219a0c                rt_components_init
                0x0000000000219a60                entry
                0x0000000000219a78                main_thread_entry
                0x0000000000219a98                rt_application_init
                0x0000000000219b00                rtthread_startup
 .text          0x0000000000219b38      0x924 build\kernel\src\device.o
                0x0000000000219b38                rt_device_register
                0x0000000000219bb0                rt_device_unregister
                0x0000000000219c48                rt_device_find
                0x0000000000219c68                rt_device_create
                0x0000000000219ce0                rt_device_destroy
                0x0000000000219d80                rt_device_init
                0x0000000000219e40                rt_device_open
                0x000000000021a020                rt_device_close
                0x000000000021a120                rt_device_read
                0x000000000021a1f4                rt_device_write
                0x000000000021a2c8                rt_device_control
                0x000000000021a36c                rt_device_set_rx_indicate
                0x000000000021a3e4                rt_device_set_tx_complete
 .text          0x000000000021a45c      0x420 build\kernel\src\idle.o
                0x000000000021a504                rt_thread_idle_sethook
                0x000000000021a588                rt_thread_idle_delhook
                0x000000000021a60c                rt_thread_defunct_enqueue
                0x000000000021a63c                rt_thread_defunct_dequeue
                0x000000000021a790                rt_thread_idle_init
                0x000000000021a854                rt_thread_idle_gethandler
 .text          0x000000000021a87c     0x491c build\kernel\src\ipc.o
                0x000000000021abcc                rt_sem_init
                0x000000000021aca0                rt_sem_detach
                0x000000000021ad44                rt_sem_create
                0x000000000021ae50                rt_sem_delete
                0x000000000021b1e8                rt_sem_take
                0x000000000021b210                rt_sem_take_interruptible
                0x000000000021b238                rt_sem_take_killable
                0x000000000021b260                rt_sem_trytake
                0x000000000021b280                rt_sem_release
                0x000000000021b3a0                rt_sem_control
                0x000000000021b66c                rt_mutex_init
                0x000000000021b708                rt_mutex_detach
                0x000000000021b7c8                rt_mutex_drop_thread
                0x000000000021b8a4                rt_mutex_setprioceiling
                0x000000000021b960                rt_mutex_getprioceiling
                0x000000000021b994                rt_mutex_create
                0x000000000021ba68                rt_mutex_delete
                0x000000000021c014                rt_mutex_take
                0x000000000021c03c                rt_mutex_take_interruptible
                0x000000000021c064                rt_mutex_take_killable
                0x000000000021c08c                rt_mutex_trytake
                0x000000000021c0ac                rt_mutex_release
                0x000000000021c394                rt_mutex_control
                0x000000000021c404                rt_event_init
                0x000000000021c4a4                rt_event_detach
                0x000000000021c548                rt_event_create
                0x000000000021c620                rt_event_delete
                0x000000000021c710                rt_event_send
                0x000000000021cd40                rt_event_recv
                0x000000000021cd80                rt_event_recv_interruptible
                0x000000000021cdc0                rt_event_recv_killable
                0x000000000021ce00                rt_event_control
                0x000000000021ceac                rt_mb_init
                0x000000000021cf8c                rt_mb_detach
                0x000000000021d03c                rt_mb_create
                0x000000000021d184                rt_mb_delete
                0x000000000021d664                rt_mb_send_wait
                0x000000000021d694                rt_mb_send_wait_interruptible
                0x000000000021d6c4                rt_mb_send_wait_killable
                0x000000000021d6f4                rt_mb_send
                0x000000000021d71c                rt_mb_send_interruptible
                0x000000000021d744                rt_mb_send_killable
                0x000000000021d76c                rt_mb_urgent
                0x000000000021dcfc                rt_mb_recv
                0x000000000021dd2c                rt_mb_recv_interruptibale
                0x000000000021dd5c                rt_mb_recv_killable
                0x000000000021dd8c                rt_mb_control
                0x000000000021de54                rt_mq_init
                0x000000000021dfe8                rt_mq_detach
                0x000000000021e098                rt_mq_create
                0x000000000021e278                rt_mq_delete
                0x000000000021e7ec                rt_mq_send_wait
                0x000000000021e824                rt_mq_send_wait_interruptible
                0x000000000021e85c                rt_mq_send_wait_killable
                0x000000000021e894                rt_mq_send
                0x000000000021e8c4                rt_mq_send_interrupt
                0x000000000021e8f4                rt_mq_send_killable
                0x000000000021e924                rt_mq_urgent
                0x000000000021efd0                rt_mq_recv
                0x000000000021f008                rt_mq_recv_interruptible
                0x000000000021f040                rt_mq_recv_killable
                0x000000000021f078                rt_mq_control
 .text          0x000000000021f198      0x154 build\kernel\src\irq.o
                0x000000000021f198                rt_interrupt_enter_sethook
                0x000000000021f1bc                rt_interrupt_leave_sethook
                0x000000000021f1e0                rt_interrupt_enter
                0x000000000021f24c                rt_interrupt_leave
                0x000000000021f2b8                rt_interrupt_get_nest
 .text          0x000000000021f2ec     0x272c build\kernel\src\kservice.o
                0x000000000021f2ec                rt_hw_us_delay
                0x000000000021f31c                rt_strerror
                0x000000000021f370                rt_get_errno
                0x000000000021f3d8                rt_set_errno
                0x000000000021f450                _rt_errno
                0x000000000021f4a8                rt_memset
                0x000000000021f608                rt_memcpy
                0x000000000021f798                rt_memmove
                0x000000000021f884                rt_memcmp
                0x000000000021f920                rt_strstr
                0x000000000021f9c0                rt_strcasecmp
                0x000000000021fa74                rt_strncpy
                0x000000000021fb20                rt_strcpy
                0x000000000021fb84                rt_strncmp
                0x000000000021fc08                rt_strcmp
                0x000000000021fc78                rt_strlen
                0x000000000021fcc0                rt_strnlen
                0x000000000021fd24                rt_strdup
                0x000000000021fd7c                rt_show_version
                0x0000000000220454                rt_vsnprintf
                0x0000000000220f7c                rt_snprintf
                0x0000000000221030                rt_vsprintf
                0x0000000000221084                rt_sprintf
                0x0000000000221134                rt_console_get_device
                0x0000000000221144                rt_console_set_device
                0x00000000002211dc                rt_hw_console_output
                0x00000000002211f0                rt_kputs
                0x0000000000221268                rt_kprintf
                0x0000000000221380                rt_malloc_sethook
                0x00000000002213a4                rt_free_sethook
                0x0000000000221504                rt_system_heap_init
                0x0000000000221598                rt_malloc
                0x0000000000221604                rt_realloc
                0x000000000022164c                rt_calloc
                0x00000000002216a4                rt_free
                0x000000000022170c                rt_memory_info
                0x000000000022174c                rt_malloc_align
                0x0000000000221854                rt_free_align
                0x0000000000221898                __rt_ffs
                0x0000000000221970                rt_assert_set_hook
                0x0000000000221994                rt_assert_handler
 .text          0x0000000000221a18     0x1398 build\kernel\src\mem.o
                0x0000000000221c90                rt_smem_init
                0x0000000000221e84                rt_smem_detach
                0x0000000000221f1c                rt_smem_alloc
                0x00000000002223a0                rt_smem_realloc
                0x00000000002226cc                rt_smem_free
                0x00000000002228e0                memcheck
                0x0000000000222acc                memtrace
 .text          0x0000000000222db0     0x16a4 build\kernel\src\memheap.o
                0x0000000000222e14                rt_memheap_init
                0x000000000022306c                rt_memheap_detach
                0x0000000000223110                rt_memheap_alloc
                0x000000000022351c                rt_memheap_realloc
                0x0000000000223ab8                rt_memheap_free
                0x0000000000223dd4                rt_memheap_info
                0x0000000000223eac                memheapcheck
                0x0000000000224124                memheaptrace
 .text          0x0000000000224454      0x990 build\kernel\src\object.o
                0x00000000002244fc                rt_object_attach_sethook
                0x0000000000224520                rt_object_detach_sethook
                0x0000000000224544                rt_object_trytake_sethook
                0x0000000000224568                rt_object_take_sethook
                0x000000000022458c                rt_object_put_sethook
                0x00000000002245b0                rt_object_get_information
                0x0000000000224620                rt_object_get_length
                0x00000000002246b0                rt_object_get_pointers
                0x0000000000224798                rt_object_init
                0x00000000002248d4                rt_object_detach
                0x000000000022495c                rt_object_allocate
                0x0000000000224aac                rt_object_delete
                0x0000000000224b68                rt_object_is_systemobject
                0x0000000000224bc0                rt_object_get_type
                0x0000000000224c08                rt_object_find
                0x0000000000224d10                rt_custom_object_create
                0x0000000000224d70                rt_custom_object_destroy
 .text          0x0000000000224de4      0x968 build\kernel\src\scheduler_up.o
                0x0000000000224f34                rt_scheduler_sethook
                0x0000000000224f58                rt_scheduler_switch_sethook
                0x00000000002250dc                rt_system_scheduler_init
                0x0000000000225140                rt_system_scheduler_start
                0x0000000000225190                rt_schedule
                0x0000000000225460                rt_schedule_insert_thread
                0x00000000002255b4                rt_schedule_remove_thread
                0x000000000022565c                rt_enter_critical
                0x00000000002256a8                rt_exit_critical
                0x0000000000225738                rt_critical_level
 .text          0x000000000022574c     0x117c build\kernel\src\thread.o
                0x00000000002257d4                rt_thread_suspend_sethook
                0x00000000002257f8                rt_thread_resume_sethook
                0x000000000022581c                rt_thread_inited_sethook
                0x0000000000225b3c                rt_thread_init
                0x0000000000225be8                rt_thread_self
                0x0000000000225bf8                rt_thread_startup
                0x0000000000225cd0                rt_thread_detach
                0x0000000000225e10                rt_thread_create
                0x0000000000225eac                rt_thread_delete
                0x0000000000225fec                rt_thread_yield
                0x0000000000226044                rt_thread_sleep
                0x0000000000226234                rt_thread_delay
                0x0000000000226250                rt_thread_delay_until
                0x00000000002263b8                rt_thread_mdelay
                0x00000000002263e0                rt_thread_control
                0x0000000000226650                rt_thread_suspend_with_flag
                0x00000000002267ac                rt_thread_suspend
                0x00000000002267cc                rt_thread_resume
                0x00000000002268a8                rt_thread_find
 .text          0x00000000002268c8     0x1188 build\kernel\src\timer.o
                0x00000000002269c8                rt_timer_enter_sethook
                0x00000000002269ec                rt_timer_exit_sethook
                0x0000000000226b84                rt_timer_init
                0x0000000000226c48                rt_timer_detach
                0x0000000000226d10                rt_timer_create
                0x0000000000226dc0                rt_timer_delete
                0x0000000000226e88                rt_timer_start
                0x0000000000227214                rt_timer_stop
                0x00000000002272f8                rt_timer_control
                0x000000000022756c                rt_timer_check
                0x0000000000227708                rt_timer_next_timeout_tick
                0x0000000000227738                rt_soft_timer_check
                0x0000000000227974                rt_system_timer_init
                0x00000000002279c4                rt_system_timer_thread_init
 *fill*         0x0000000000227a50       0x30 
 .text          0x0000000000227a80      0x110 d:/gcc-arm-10.3-2021.07-mingw-w64-i686-aarch64-none-elf/bin/../lib/gcc/aarch64-none-elf/10.3.1\libc.a(lib_a-memcmp.o)
                0x0000000000227a80                memcmp
 *fill*         0x0000000000227b90       0x30 
 .text          0x0000000000227bc0       0xe4 d:/gcc-arm-10.3-2021.07-mingw-w64-i686-aarch64-none-elf/bin/../lib/gcc/aarch64-none-elf/10.3.1\libc.a(lib_a-strcmp.o)
                0x0000000000227bc0                strcmp
 *fill*         0x0000000000227ca4       0x1c 
 .text          0x0000000000227cc0      0x1b8 d:/gcc-arm-10.3-2021.07-mingw-w64-i686-aarch64-none-elf/bin/../lib/gcc/aarch64-none-elf/10.3.1\libc.a(lib_a-strcpy.o)
                0x0000000000227cc0                strcpy
 *fill*         0x0000000000227e78        0x8 
 .text          0x0000000000227e80      0x140 d:/gcc-arm-10.3-2021.07-mingw-w64-i686-aarch64-none-elf/bin/../lib/gcc/aarch64-none-elf/10.3.1\libc.a(lib_a-strlen.o)
                0x0000000000227e80                strlen
 .text          0x0000000000227fc0      0x1d4 d:/gcc-arm-10.3-2021.07-mingw-w64-i686-aarch64-none-elf/bin/../lib/gcc/aarch64-none-elf/10.3.1\libc.a(lib_a-strncmp.o)
                0x0000000000227fdc                strncmp
 *(.text.*)
 *fill*         0x0000000000228194        0xc 
 .text.atoi     0x00000000002281a0       0x1c d:/gcc-arm-10.3-2021.07-mingw-w64-i686-aarch64-none-elf/bin/../lib/gcc/aarch64-none-elf/10.3.1\libc.a(lib_a-atoi.o)
                0x00000000002281a0                atoi
 *fill*         0x00000000002281bc        0x4 
 .text.strncat  0x00000000002281c0       0x7c d:/gcc-arm-10.3-2021.07-mingw-w64-i686-aarch64-none-elf/bin/../lib/gcc/aarch64-none-elf/10.3.1\libc.a(lib_a-strncat.o)
                0x00000000002281c0                strncat
 *fill*         0x000000000022823c        0x4 
 .text.strncpy  0x0000000000228240       0x9c d:/gcc-arm-10.3-2021.07-mingw-w64-i686-aarch64-none-elf/bin/../lib/gcc/aarch64-none-elf/10.3.1\libc.a(lib_a-strncpy.o)
                0x0000000000228240                strncpy
 *fill*         0x00000000002282dc        0x4 
 .text._strtol_l.part.0
                0x00000000002282e0      0x18c d:/gcc-arm-10.3-2021.07-mingw-w64-i686-aarch64-none-elf/bin/../lib/gcc/aarch64-none-elf/10.3.1\libc.a(lib_a-strtol.o)
 *fill*         0x000000000022846c        0x4 
 .text.strtol   0x0000000000228470       0x44 d:/gcc-arm-10.3-2021.07-mingw-w64-i686-aarch64-none-elf/bin/../lib/gcc/aarch64-none-elf/10.3.1\libc.a(lib_a-strtol.o)
                0x0000000000228470                strtol
 *(.rodata)
 *fill*         0x00000000002284b4        0x4 
 .rodata        0x00000000002284b8       0x19 build\applications\main.o
 *fill*         0x00000000002284d1        0x7 
 .rodata        0x00000000002284d8       0x38 build\driver\board.o
                0x00000000002284d8                platform_mem_desc_size
 .rodata        0x0000000000228510       0xa1 build\driver\drv_uart.o
 *fill*         0x00000000002285b1        0x7 
 .rodata        0x00000000002285b8      0x123 build\kernel\components\drivers\ipc\completion.o
 *fill*         0x00000000002286db        0x5 
 .rodata        0x00000000002286e0      0x3bb build\kernel\components\drivers\misc\pin.o
 *fill*         0x0000000000228a9b        0x5 
 .rodata        0x0000000000228aa0      0x1e9 build\kernel\components\drivers\serial\serial.o
 *fill*         0x0000000000228c89        0x7 
 .rodata        0x0000000000228c90      0xa92 build\kernel\components\finsh\cmd.o
 *fill*         0x0000000000229722        0x6 
 .rodata        0x0000000000229728       0xde build\kernel\components\finsh\msh.o
 *fill*         0x0000000000229806        0x2 
 .rodata        0x0000000000229808      0x147 build\kernel\components\finsh\shell.o
 *fill*         0x000000000022994f        0x1 
 .rodata        0x0000000000229950       0x36 build\kernel\components\libc\compilers\common\cstdlib.o
 *fill*         0x0000000000229986        0x2 
 .rodata        0x0000000000229988       0xc1 build\kernel\components\libc\compilers\newlib\syscalls.o
 *fill*         0x0000000000229a49        0x7 
 .rodata        0x0000000000229a50      0x48b build\kernel\components\mm\mm_aspace.o
 *fill*         0x0000000000229edb        0x5 
 .rodata        0x0000000000229ee0       0xc0 build\kernel\components\mm\mm_kmem.o
 .rodata        0x0000000000229fa0       0x56 build\kernel\components\mm\mm_object.o
 *fill*         0x0000000000229ff6        0x2 
 .rodata        0x0000000000229ff8      0x297 build\kernel\components\mm\mm_page.o
                0x000000000022a010                shadow_mask
                0x000000000022a018                rt_mpr_size
 *fill*         0x000000000022a28f        0x1 
 .rodata        0x000000000022a290       0x3a build\kernel\libcpu\aarch64\common\backtrace.o
 *fill*         0x000000000022a2ca        0x6 
 .rodata        0x000000000022a2d0       0x73 build\kernel\libcpu\aarch64\common\cpu.o
 *fill*         0x000000000022a343        0x5 
 .rodata        0x000000000022a348      0xc70 build\kernel\libcpu\aarch64\common\exception.o
 .rodata        0x000000000022afb8      0x3d9 build\kernel\libcpu\aarch64\common\gicv3.o
 *fill*         0x000000000022b391        0x7 
 .rodata        0x000000000022b398        0x5 build\kernel\libcpu\aarch64\common\gtimer.o
 *fill*         0x000000000022b39d        0x3 
 .rodata        0x000000000022b3a0       0xda build\kernel\libcpu\aarch64\common\mmu.o
 *fill*         0x000000000022b47a        0x6 
 .rodata        0x000000000022b480      0x260 build\kernel\libcpu\aarch64\common\trap.o
 .rodata        0x000000000022b6e0       0x2c build\kernel\src\components.o
 *fill*         0x000000000022b70c        0x4 
 .rodata        0x000000000022b710      0x1d2 build\kernel\src\device.o
 *fill*         0x000000000022b8e2        0x6 
 .rodata        0x000000000022b8e8        0x8 build\kernel\src\idle.o
 .rodata        0x000000000022b8f0      0x7ae build\kernel\src\ipc.o
 *fill*         0x000000000022c09e        0x2 
 .rodata        0x000000000022c0a0      0x34d build\kernel\src\kservice.o
                0x000000000022c260                __lowest_bit_bitmap
 *fill*         0x000000000022c3ed        0x3 
 .rodata        0x000000000022c3f0      0x605 build\kernel\src\mem.o
 *fill*         0x000000000022c9f5        0x3 
 .rodata        0x000000000022c9f8      0x2f8 build\kernel\src\memheap.o
 .rodata        0x000000000022ccf0      0x13f build\kernel\src\object.o
 *fill*         0x000000000022ce2f        0x1 
 .rodata        0x000000000022ce30       0xc2 build\kernel\src\scheduler_up.o
 *fill*         0x000000000022cef2        0x6 
 .rodata        0x000000000022cef8      0x361 build\kernel\src\thread.o
 *fill*         0x000000000022d259        0x7 
 .rodata        0x000000000022d260      0x191 build\kernel\src\timer.o
 *(.rodata*)
 *fill*         0x000000000022d3f1        0x7 
 .rodata.name   0x000000000022d3f8       0x12 build\driver\board.o
                0x000000000022d3f8                __fsym_reboot_name
                0x000000000022d400                __fsym_reboot_desc
 *fill*         0x000000000022d40a        0x6 
 .rodata.name   0x000000000022d410       0x15 build\kernel\components\drivers\misc\pin.o
                0x000000000022d410                __fsym_pin_name
                0x000000000022d418                __fsym_pin_desc
 *fill*         0x000000000022d425        0x3 
 .rodata.name   0x000000000022d428       0x6d build\kernel\components\finsh\cmd.o
                0x000000000022d428                __fsym_clear_name
                0x000000000022d430                __fsym_clear_desc
                0x000000000022d450                __fsym_version_name
                0x000000000022d458                __fsym_version_desc
                0x000000000022d480                __fsym_list_name
                0x000000000022d488                __fsym_list_desc
 *fill*         0x000000000022d495        0x3 
 .rodata.name   0x000000000022d498       0x75 build\kernel\components\finsh\msh.o
                0x000000000022d498                __fsym_help_name
                0x000000000022d4a0                __fsym_help_desc
                0x000000000022d4b8                __fsym_ps_name
                0x000000000022d4c0                __fsym_ps_desc
                0x000000000022d4e0                __fsym_free_name
                0x000000000022d4e8                __fsym_free_desc
 *fill*         0x000000000022d50d        0x3 
 .rodata.name   0x000000000022d510       0x3a build\kernel\components\mm\mm_kmem.o
                0x000000000022d510                __fsym_list_kmem_name
                0x000000000022d520                __fsym_list_kmem_desc
 *fill*         0x000000000022d54a        0x6 
 .rodata.name   0x000000000022d550       0x1f build\kernel\components\mm\mm_page.o
                0x000000000022d550                __fsym_list_page_name
                0x000000000022d560                __fsym_list_page_desc
 *fill*         0x000000000022d56f        0x1 
 .rodata.name   0x000000000022d570       0x17 build\kernel\libcpu\aarch64\common\backtrace.o
                0x000000000022d570                __fsym_bt_test_name
                0x000000000022d578                __fsym_bt_test_desc
 *fill*         0x000000000022d587        0x1 
 .rodata.name   0x000000000022d588       0x21 build\kernel\libcpu\aarch64\common\cpu.o
                0x000000000022d588                __fsym_shutdown_name
                0x000000000022d598                __fsym_shutdown_desc
 *fill*         0x000000000022d5a9        0x7 
 .rodata.name   0x000000000022d5b0       0x20 build\kernel\libcpu\aarch64\common\gicv3.o
                0x000000000022d5b0                __fsym_gic_dump_name
                0x000000000022d5c0                __fsym_gic_dump_desc
 .rodata.name   0x000000000022d5d0       0x56 build\kernel\src\mem.o
                0x000000000022d5d0                __fsym_memcheck_name
                0x000000000022d5e0                __fsym_memcheck_desc
                0x000000000022d5f8                __fsym_memtrace_name
                0x000000000022d608                __fsym_memtrace_desc
 *fill*         0x000000000022d626        0x2 
 .rodata.name   0x000000000022d628       0x5e build\kernel\src\memheap.o
                0x000000000022d628                __fsym_memheapcheck_name
                0x000000000022d638                __fsym_memheapcheck_desc
                0x000000000022d658                __fsym_memheaptrace_name
                0x000000000022d668                __fsym_memheaptrace_desc
 *fill*         0x000000000022d686        0x2 
 .rodata._ctype_
                0x000000000022d688      0x101 d:/gcc-arm-10.3-2021.07-mingw-w64-i686-aarch64-none-elf/bin/../lib/gcc/aarch64-none-elf/10.3.1\libc.a(lib_a-ctype_.o)
                0x000000000022d688                _ctype_
 *(.glue_7)
 *(.glue_7t)
 *(.gnu.linkonce.t*)
 *(COMMON)
                0x000000000022d790                . = ALIGN (0x10)
 *fill*         0x000000000022d789        0x7 
                0x000000000022d790                __fsymtab_start = .
 *(FSymTab)
 FSymTab        0x000000000022d790       0x18 build\driver\board.o
                0x000000000022d790                __fsym_reboot
 FSymTab        0x000000000022d7a8       0x18 build\kernel\components\drivers\misc\pin.o
                0x000000000022d7a8                __fsym_pin
 FSymTab        0x000000000022d7c0       0x48 build\kernel\components\finsh\cmd.o
                0x000000000022d7c0                __fsym_clear
                0x000000000022d7d8                __fsym_version
                0x000000000022d7f0                __fsym_list
 FSymTab        0x000000000022d808       0x48 build\kernel\components\finsh\msh.o
                0x000000000022d808                __fsym_help
                0x000000000022d820                __fsym_ps
                0x000000000022d838                __fsym_free
 FSymTab        0x000000000022d850       0x18 build\kernel\components\mm\mm_kmem.o
                0x000000000022d850                __fsym_list_kmem
 FSymTab        0x000000000022d868       0x18 build\kernel\components\mm\mm_page.o
                0x000000000022d868                __fsym_list_page
 FSymTab        0x000000000022d880       0x18 build\kernel\libcpu\aarch64\common\backtrace.o
                0x000000000022d880                __fsym_bt_test
 FSymTab        0x000000000022d898       0x18 build\kernel\libcpu\aarch64\common\cpu.o
                0x000000000022d898                __fsym_shutdown
 FSymTab        0x000000000022d8b0       0x18 build\kernel\libcpu\aarch64\common\gicv3.o
                0x000000000022d8b0                __fsym_gic_dump
 FSymTab        0x000000000022d8c8       0x30 build\kernel\src\mem.o
                0x000000000022d8c8                __fsym_memcheck
                0x000000000022d8e0                __fsym_memtrace
 FSymTab        0x000000000022d8f8       0x30 build\kernel\src\memheap.o
                0x000000000022d8f8                __fsym_memheapcheck
                0x000000000022d910                __fsym_memheaptrace
                0x000000000022d928                __fsymtab_end = .
                0x000000000022d930                . = ALIGN (0x10)
 *fill*         0x000000000022d928        0x8 
                0x000000000022d930                __vsymtab_start = .
 *(VSymTab)
                0x000000000022d930                __vsymtab_end = .
                0x000000000022d930                . = ALIGN (0x10)
                0x000000000022d930                . = ALIGN (0x10)
                0x000000000022d930                __rt_init_start = .
 *(SORT_BY_NAME(.rti_fn*))
 .rti_fn.0      0x000000000022d930        0x8 build\kernel\src\components.o
                0x000000000022d930                __rt_init_rti_start
 .rti_fn.0.end  0x000000000022d938        0x8 build\kernel\src\components.o
                0x000000000022d938                __rt_init_rti_board_start
 .rti_fn.1.end  0x000000000022d940        0x8 build\kernel\src\components.o
                0x000000000022d940                __rt_init_rti_board_end
 .rti_fn.6      0x000000000022d948        0x8 build\kernel\components\finsh\shell.o
                0x000000000022d948                __rt_init_finsh_system_init
 .rti_fn.6.end  0x000000000022d950        0x8 build\kernel\src\components.o
                0x000000000022d950                __rt_init_rti_end
                0x000000000022d958                __rt_init_end = .
                0x000000000022d960                . = ALIGN (0x10)
 *fill*         0x000000000022d958        0x8 
                0x000000000022d960                . = ALIGN (0x10)
                0x000000000022d960                _etext = .

.iplt           0x000000000022d960        0x0
 .iplt          0x000000000022d960        0x0 build\applications\main.o

.rela.dyn       0x000000000022d960        0x0
 .rela.iplt     0x000000000022d960        0x0 build\applications\main.o
 .rela.text     0x000000000022d960        0x0 build\applications\main.o
 .rela.rodata   0x000000000022d960        0x0 build\applications\main.o
 .relaFSymTab   0x000000000022d960        0x0 build\applications\main.o
 .rela.text.entrypoint
                0x000000000022d960        0x0 build\applications\main.o

.eh_frame_hdr
 *(.eh_frame_hdr)
 *(.eh_frame_entry)

.eh_frame
 *(.eh_frame)
                0x000000000022d960                . = ALIGN (0x10)

.data           0x000000000022d960      0xc60
 *(.data)
 .data          0x000000000022d960      0x2a8 build\driver\board.o
                0x000000000022d960                platform_mem_desc
 .data          0x000000000022dc08       0x10 build\driver\drv_uart.o
 .data          0x000000000022dc18       0x30 build\kernel\components\mm\mm_page.o
 .data          0x000000000022dc48        0x4 build\kernel\libcpu\aarch64\common\gicv3.o
 *fill*         0x000000000022dc4c        0x4 
 .data          0x000000000022dc50       0x20 build\kernel\libcpu\aarch64\common\mmu.o
 .data          0x000000000022dc70       0x10 build\kernel\src\idle.o
 .data          0x000000000022dc80       0x60 build\kernel\src\kservice.o
 .data          0x000000000022dce0      0x180 build\kernel\src\object.o
 .data          0x000000000022de60        0x1 build\kernel\src\timer.o
 *(.data.*)
 *fill*         0x000000000022de61        0x7 
 .data._impure_ptr
                0x000000000022de68        0x8 d:/gcc-arm-10.3-2021.07-mingw-w64-i686-aarch64-none-elf/bin/../lib/gcc/aarch64-none-elf/10.3.1\libc.a(lib_a-impure.o)
                0x000000000022de68                _impure_ptr
 .data.impure_data
                0x000000000022de70      0x748 d:/gcc-arm-10.3-2021.07-mingw-w64-i686-aarch64-none-elf/bin/../lib/gcc/aarch64-none-elf/10.3.1\libc.a(lib_a-impure.o)
 *(.data1)
 *(.data1.*)
                0x000000000022e5c0                . = ALIGN (0x10)
 *fill*         0x000000000022e5b8        0x8 
                0x000000000022e5c0                _gp = ABSOLUTE (.)
 *(.sdata)
 *(.sdata.*)

.igot.plt       0x000000000022e5c0        0x0
 .igot.plt      0x000000000022e5c0        0x0 build\applications\main.o
                0x000000000022e5c0                . = ALIGN (0x10)

.ctors          0x000000000022e5c0        0x0
                [!provide]                        PROVIDE (__ctors_start__ = .)
 *(SORT_BY_NAME(.init_array.*))
 *(.init_array)
                [!provide]                        PROVIDE (__ctors_end__ = .)

.dtors          0x000000000022e5c0        0x0
                [!provide]                        PROVIDE (__dtors_start__ = .)
 *(SORT_BY_NAME(.dtors.*))
 *(.dtors)
                [!provide]                        PROVIDE (__dtors_end__ = .)
                0x000000000022e5c0                . = ALIGN (0x10)

.bss            0x000000000022f000     0x55e0
                0x000000000022f000                PROVIDE (__bss_start = .)
 *(.bss)
 .bss           0x000000000022f000       0x80 build\driver\drv_uart.o
 .bss           0x000000000022f080       0x58 build\kernel\components\drivers\misc\pin.o
 .bss           0x000000000022f0d8        0x4 build\kernel\components\drivers\serial\serial.o
 *fill*         0x000000000022f0dc        0x4 
 .bss           0x000000000022f0e0       0xa1 build\kernel\components\finsh\shell.o
                0x000000000022f0e0                _syscall_table_begin
                0x000000000022f0e8                _syscall_table_end
                0x000000000022f0f0                shell
 *fill*         0x000000000022f181        0x7 
 .bss           0x000000000022f188       0x80 build\kernel\components\mm\mm_aspace.o
                0x000000000022f188                rt_kernel_space
 .bss           0x000000000022f208        0x8 build\kernel\components\mm\mm_kmem.o
 .bss           0x000000000022f210       0xf8 build\kernel\components\mm\mm_page.o
                0x000000000022f210                rt_mpr_start
 .bss           0x000000000022f308        0x8 build\kernel\libcpu\aarch64\common\cpu.o
                0x000000000022f308                system_off
 .bss           0x000000000022f310       0x24 build\kernel\libcpu\aarch64\common\gicv3.o
 *fill*         0x000000000022f334        0x4 
 .bss           0x000000000022f338        0x8 build\kernel\libcpu\aarch64\common\gtimer.o
 .bss           0x000000000022f340     0x1018 build\kernel\libcpu\aarch64\common\interrupt.o
                0x000000000022f340                isr_table
                0x0000000000230340                rt_interrupt_from_thread
                0x0000000000230348                rt_interrupt_to_thread
                0x0000000000230350                rt_thread_switch_interrupt_flag
 *fill*         0x0000000000230358      0xca8 
 .bss           0x0000000000231000     0x1010 build\kernel\libcpu\aarch64\common\mmu.o
                0x0000000000231000                MMUTable
 .bss           0x0000000000232010       0x10 build\kernel\src\clock.o
 .bss           0x0000000000232020     0x1110 build\kernel\src\idle.o
 .bss           0x0000000000233130       0x18 build\kernel\src\irq.o
                0x0000000000233130                rt_interrupt_nest
 .bss           0x0000000000233148      0x100 build\kernel\src\kservice.o
                0x0000000000233148                rt_assert_hook
 .bss           0x0000000000233248       0x28 build\kernel\src\object.o
                0x0000000000233248                rt_object_trytake_hook
                0x0000000000233250                rt_object_take_hook
                0x0000000000233258                rt_object_put_hook
 .bss           0x0000000000233270      0x228 build\kernel\src\scheduler_up.o
                0x0000000000233270                rt_thread_priority_table
                0x0000000000233470                rt_thread_ready_priority_group
                0x0000000000233478                rt_current_thread
                0x0000000000233480                rt_current_priority
 .bss           0x0000000000233498       0x18 build\kernel\src\thread.o
 .bss           0x00000000002334b0     0x1124 build\kernel\src\timer.o
 *(.bss.*)
 *(.dynbss)
                0x00000000002345e0                . = ALIGN (0x10)
 *fill*         0x00000000002345d4        0xc 
                0x00000000002345e0                PROVIDE (__bss_end = .)
                0x00000000002345e0                _end = .

.stab
 *(.stab)

.stabstr
 *(.stabstr)

.stab.excl
 *(.stab.excl)

.stab.exclstr
 *(.stab.exclstr)

.stab.index
 *(.stab.index)

.stab.indexstr
 *(.stab.indexstr)

.comment        0x0000000000000000       0x5d
 *(.comment)
 .comment       0x0000000000000000       0x5d build\applications\main.o
                                         0x5e (size before relaxing)
 .comment       0x000000000000005d       0x5e build\driver\board.o
 .comment       0x000000000000005d       0x5e build\driver\drv_uart.o
 .comment       0x000000000000005d       0x5e build\kernel\components\drivers\ipc\completion.o
 .comment       0x000000000000005d       0x5e build\kernel\components\drivers\misc\pin.o
 .comment       0x000000000000005d       0x5e build\kernel\components\drivers\serial\serial.o
 .comment       0x000000000000005d       0x5e build\kernel\components\finsh\cmd.o
 .comment       0x000000000000005d       0x5e build\kernel\components\finsh\msh.o
 .comment       0x000000000000005d       0x5e build\kernel\components\finsh\msh_parse.o
 .comment       0x000000000000005d       0x5e build\kernel\components\finsh\shell.o
 .comment       0x000000000000005d       0x5e build\kernel\components\libc\compilers\common\cstdlib.o
 .comment       0x000000000000005d       0x5e build\kernel\components\libc\compilers\newlib\syscalls.o
 .comment       0x000000000000005d       0x5e build\kernel\components\mm\avl_adpt.o
 .comment       0x000000000000005d       0x5e build\kernel\components\mm\mm_aspace.o
 .comment       0x000000000000005d       0x5e build\kernel\components\mm\mm_kmem.o
 .comment       0x000000000000005d       0x5e build\kernel\components\mm\mm_object.o
 .comment       0x000000000000005d       0x5e build\kernel\components\mm\mm_page.o
 .comment       0x000000000000005d       0x5e build\kernel\components\utilities\libadt\avl.o
 .comment       0x000000000000005d       0x5e build\kernel\libcpu\aarch64\common\backtrace.o
 .comment       0x000000000000005d       0x5e build\kernel\libcpu\aarch64\common\cache_ops.o
 .comment       0x000000000000005d       0x5e build\kernel\libcpu\aarch64\common\cpu.o
 .comment       0x000000000000005d       0x5e build\kernel\libcpu\aarch64\common\exception.o
 .comment       0x000000000000005d       0x5e build\kernel\libcpu\aarch64\common\gicv3.o
 .comment       0x000000000000005d       0x5e build\kernel\libcpu\aarch64\common\gtimer.o
 .comment       0x000000000000005d       0x5e build\kernel\libcpu\aarch64\common\interrupt.o
 .comment       0x000000000000005d       0x5e build\kernel\libcpu\aarch64\common\mmu.o
 .comment       0x000000000000005d       0x5e build\kernel\libcpu\aarch64\common\stack.o
 .comment       0x000000000000005d       0x5e build\kernel\libcpu\aarch64\common\trap.o
 .comment       0x000000000000005d       0x5e build\kernel\src\clock.o
 .comment       0x000000000000005d       0x5e build\kernel\src\components.o
 .comment       0x000000000000005d       0x5e build\kernel\src\device.o
 .comment       0x000000000000005d       0x5e build\kernel\src\idle.o
 .comment       0x000000000000005d       0x5e build\kernel\src\ipc.o
 .comment       0x000000000000005d       0x5e build\kernel\src\irq.o
 .comment       0x000000000000005d       0x5e build\kernel\src\kservice.o
 .comment       0x000000000000005d       0x5e build\kernel\src\mem.o
 .comment       0x000000000000005d       0x5e build\kernel\src\memheap.o
 .comment       0x000000000000005d       0x5e build\kernel\src\object.o
 .comment       0x000000000000005d       0x5e build\kernel\src\scheduler_up.o
 .comment       0x000000000000005d       0x5e build\kernel\src\thread.o
 .comment       0x000000000000005d       0x5e build\kernel\src\timer.o
 .comment       0x000000000000005d       0x5e d:/gcc-arm-10.3-2021.07-mingw-w64-i686-aarch64-none-elf/bin/../lib/gcc/aarch64-none-elf/10.3.1\libc.a(lib_a-atoi.o)
 .comment       0x000000000000005d       0x5e d:/gcc-arm-10.3-2021.07-mingw-w64-i686-aarch64-none-elf/bin/../lib/gcc/aarch64-none-elf/10.3.1\libc.a(lib_a-ctype_.o)
 .comment       0x000000000000005d       0x5e d:/gcc-arm-10.3-2021.07-mingw-w64-i686-aarch64-none-elf/bin/../lib/gcc/aarch64-none-elf/10.3.1\libc.a(lib_a-strncat.o)
 .comment       0x000000000000005d       0x5e d:/gcc-arm-10.3-2021.07-mingw-w64-i686-aarch64-none-elf/bin/../lib/gcc/aarch64-none-elf/10.3.1\libc.a(lib_a-strncpy.o)
 .comment       0x000000000000005d       0x5e d:/gcc-arm-10.3-2021.07-mingw-w64-i686-aarch64-none-elf/bin/../lib/gcc/aarch64-none-elf/10.3.1\libc.a(lib_a-strtol.o)
 .comment       0x000000000000005d       0x5e d:/gcc-arm-10.3-2021.07-mingw-w64-i686-aarch64-none-elf/bin/../lib/gcc/aarch64-none-elf/10.3.1\libc.a(lib_a-impure.o)

.debug
 *(.debug)

.line
 *(.line)

.debug_srcinfo
 *(.debug_srcinfo)

.debug_sfnames
 *(.debug_sfnames)

.debug_aranges  0x0000000000000000      0xb20
 *(.debug_aranges)
 .debug_aranges
                0x0000000000000000       0x30 build\applications\main.o
 .debug_aranges
                0x0000000000000030       0x30 build\driver\board.o
 .debug_aranges
                0x0000000000000060       0x30 build\driver\drv_uart.o
 .debug_aranges
                0x0000000000000090       0x30 build\kernel\components\drivers\ipc\completion.o
 .debug_aranges
                0x00000000000000c0       0x30 build\kernel\components\drivers\misc\pin.o
 .debug_aranges
                0x00000000000000f0       0x30 build\kernel\components\drivers\serial\serial.o
 .debug_aranges
                0x0000000000000120       0x30 build\kernel\components\finsh\cmd.o
 .debug_aranges
                0x0000000000000150       0x30 build\kernel\components\finsh\msh.o
 .debug_aranges
                0x0000000000000180       0x30 build\kernel\components\finsh\msh_parse.o
 .debug_aranges
                0x00000000000001b0       0x30 build\kernel\components\finsh\shell.o
 .debug_aranges
                0x00000000000001e0       0x30 build\kernel\components\libc\compilers\common\cstdlib.o
 .debug_aranges
                0x0000000000000210       0x30 build\kernel\components\libc\compilers\newlib\syscalls.o
 .debug_aranges
                0x0000000000000240       0x30 build\kernel\components\mm\avl_adpt.o
 .debug_aranges
                0x0000000000000270       0x30 build\kernel\components\mm\mm_aspace.o
 .debug_aranges
                0x00000000000002a0       0x30 build\kernel\components\mm\mm_kmem.o
 .debug_aranges
                0x00000000000002d0       0x30 build\kernel\components\mm\mm_object.o
 .debug_aranges
                0x0000000000000300       0x30 build\kernel\components\mm\mm_page.o
 .debug_aranges
                0x0000000000000330       0x30 build\kernel\components\utilities\libadt\avl.o
 .debug_aranges
                0x0000000000000360       0x30 build\kernel\libcpu\aarch64\common\backtrace.o
 .debug_aranges
                0x0000000000000390       0x30 build\kernel\libcpu\aarch64\common\cache.o
 .debug_aranges
                0x00000000000003c0       0x30 build\kernel\libcpu\aarch64\common\cache_ops.o
 .debug_aranges
                0x00000000000003f0       0x30 build\kernel\libcpu\aarch64\common\context_gcc.o
 .debug_aranges
                0x0000000000000420       0x30 build\kernel\libcpu\aarch64\common\cpu.o
 .debug_aranges
                0x0000000000000450       0x30 build\kernel\libcpu\aarch64\common\cpu_gcc.o
 .debug_aranges
                0x0000000000000480       0x30 build\kernel\libcpu\aarch64\common\exception.o
 .debug_aranges
                0x00000000000004b0       0x30 build\kernel\libcpu\aarch64\common\gicv3.o
 .debug_aranges
                0x00000000000004e0       0x30 build\kernel\libcpu\aarch64\common\gtimer.o
 .debug_aranges
                0x0000000000000510       0x30 build\kernel\libcpu\aarch64\common\interrupt.o
 .debug_aranges
                0x0000000000000540       0x30 build\kernel\libcpu\aarch64\common\mmu.o
 .debug_aranges
                0x0000000000000570       0x30 build\kernel\libcpu\aarch64\common\stack.o
 .debug_aranges
                0x00000000000005a0       0x40 build\kernel\libcpu\aarch64\common\startup_gcc.o
 .debug_aranges
                0x00000000000005e0       0x30 build\kernel\libcpu\aarch64\common\trap.o
 .debug_aranges
                0x0000000000000610       0x30 build\kernel\libcpu\aarch64\common\vector_gcc.o
 .debug_aranges
                0x0000000000000640       0x30 build\kernel\libcpu\aarch64\cortex-a\entry_point.o
 .debug_aranges
                0x0000000000000670       0x30 build\kernel\src\clock.o
 .debug_aranges
                0x00000000000006a0       0x30 build\kernel\src\components.o
 .debug_aranges
                0x00000000000006d0       0x30 build\kernel\src\device.o
 .debug_aranges
                0x0000000000000700       0x30 build\kernel\src\idle.o
 .debug_aranges
                0x0000000000000730       0x30 build\kernel\src\ipc.o
 .debug_aranges
                0x0000000000000760       0x30 build\kernel\src\irq.o
 .debug_aranges
                0x0000000000000790       0x30 build\kernel\src\kservice.o
 .debug_aranges
                0x00000000000007c0       0x30 build\kernel\src\mem.o
 .debug_aranges
                0x00000000000007f0       0x30 build\kernel\src\memheap.o
 .debug_aranges
                0x0000000000000820       0x30 build\kernel\src\object.o
 .debug_aranges
                0x0000000000000850       0x30 build\kernel\src\scheduler_up.o
 .debug_aranges
                0x0000000000000880       0x30 build\kernel\src\thread.o
 .debug_aranges
                0x00000000000008b0       0x30 build\kernel\src\timer.o
 .debug_aranges
                0x00000000000008e0       0x40 d:/gcc-arm-10.3-2021.07-mingw-w64-i686-aarch64-none-elf/bin/../lib/gcc/aarch64-none-elf/10.3.1\libc.a(lib_a-atoi.o)
 .debug_aranges
                0x0000000000000920       0x30 d:/gcc-arm-10.3-2021.07-mingw-w64-i686-aarch64-none-elf/bin/../lib/gcc/aarch64-none-elf/10.3.1\libc.a(lib_a-ctype_.o)
 .debug_aranges
                0x0000000000000950       0x30 d:/gcc-arm-10.3-2021.07-mingw-w64-i686-aarch64-none-elf/bin/../lib/gcc/aarch64-none-elf/10.3.1\libc.a(lib_a-memcmp.o)
 .debug_aranges
                0x0000000000000980       0x30 d:/gcc-arm-10.3-2021.07-mingw-w64-i686-aarch64-none-elf/bin/../lib/gcc/aarch64-none-elf/10.3.1\libc.a(lib_a-strcmp.o)
 .debug_aranges
                0x00000000000009b0       0x30 d:/gcc-arm-10.3-2021.07-mingw-w64-i686-aarch64-none-elf/bin/../lib/gcc/aarch64-none-elf/10.3.1\libc.a(lib_a-strcpy.o)
 .debug_aranges
                0x00000000000009e0       0x30 d:/gcc-arm-10.3-2021.07-mingw-w64-i686-aarch64-none-elf/bin/../lib/gcc/aarch64-none-elf/10.3.1\libc.a(lib_a-strlen.o)
 .debug_aranges
                0x0000000000000a10       0x30 d:/gcc-arm-10.3-2021.07-mingw-w64-i686-aarch64-none-elf/bin/../lib/gcc/aarch64-none-elf/10.3.1\libc.a(lib_a-strncat.o)
 .debug_aranges
                0x0000000000000a40       0x30 d:/gcc-arm-10.3-2021.07-mingw-w64-i686-aarch64-none-elf/bin/../lib/gcc/aarch64-none-elf/10.3.1\libc.a(lib_a-strncmp.o)
 .debug_aranges
                0x0000000000000a70       0x30 d:/gcc-arm-10.3-2021.07-mingw-w64-i686-aarch64-none-elf/bin/../lib/gcc/aarch64-none-elf/10.3.1\libc.a(lib_a-strncpy.o)
 .debug_aranges
                0x0000000000000aa0       0x60 d:/gcc-arm-10.3-2021.07-mingw-w64-i686-aarch64-none-elf/bin/../lib/gcc/aarch64-none-elf/10.3.1\libc.a(lib_a-strtol.o)
 .debug_aranges
                0x0000000000000b00       0x20 d:/gcc-arm-10.3-2021.07-mingw-w64-i686-aarch64-none-elf/bin/../lib/gcc/aarch64-none-elf/10.3.1\libc.a(lib_a-impure.o)

.debug_pubnames
 *(.debug_pubnames)

.debug_info     0x0000000000000000    0x21b39
 *(.debug_info .gnu.linkonce.wi.*)
 .debug_info    0x0000000000000000       0xcd build\applications\main.o
 .debug_info    0x00000000000000cd      0xadf build\driver\board.o
 .debug_info    0x0000000000000bac      0xb76 build\driver\drv_uart.o
 .debug_info    0x0000000000001722      0x6f9 build\kernel\components\drivers\ipc\completion.o
 .debug_info    0x0000000000001e1b      0xf1b build\kernel\components\drivers\misc\pin.o
 .debug_info    0x0000000000002d36     0x1000 build\kernel\components\drivers\serial\serial.o
 .debug_info    0x0000000000003d36     0x1a80 build\kernel\components\finsh\cmd.o
 .debug_info    0x00000000000057b6      0x6e8 build\kernel\components\finsh\msh.o
 .debug_info    0x0000000000005e9e      0x1bc build\kernel\components\finsh\msh_parse.o
 .debug_info    0x000000000000605a      0xf31 build\kernel\components\finsh\shell.o
 .debug_info    0x0000000000006f8b      0x681 build\kernel\components\libc\compilers\common\cstdlib.o
 .debug_info    0x000000000000760c     0x1973 build\kernel\components\libc\compilers\newlib\syscalls.o
 .debug_info    0x0000000000008f7f      0xdce build\kernel\components\mm\avl_adpt.o
 .debug_info    0x0000000000009d4d     0x200e build\kernel\components\mm\mm_aspace.o
 .debug_info    0x000000000000bd5b      0x906 build\kernel\components\mm\mm_kmem.o
 .debug_info    0x000000000000c661      0xc42 build\kernel\components\mm\mm_object.o
 .debug_info    0x000000000000d2a3     0x1974 build\kernel\components\mm\mm_page.o
 .debug_info    0x000000000000ec17      0x479 build\kernel\components\utilities\libadt\avl.o
 .debug_info    0x000000000000f090      0x2cc build\kernel\libcpu\aarch64\common\backtrace.o
 .debug_info    0x000000000000f35c       0x2e build\kernel\libcpu\aarch64\common\cache.o
 .debug_info    0x000000000000f38a      0x2b1 build\kernel\libcpu\aarch64\common\cache_ops.o
 .debug_info    0x000000000000f63b       0x2e build\kernel\libcpu\aarch64\common\context_gcc.o
 .debug_info    0x000000000000f669      0x224 build\kernel\libcpu\aarch64\common\cpu.o
 .debug_info    0x000000000000f88d       0x2e build\kernel\libcpu\aarch64\common\cpu_gcc.o
 .debug_info    0x000000000000f8bb      0x16e build\kernel\libcpu\aarch64\common\exception.o
 .debug_info    0x000000000000fa29     0x1139 build\kernel\libcpu\aarch64\common\gicv3.o
 .debug_info    0x0000000000010b62      0x1b8 build\kernel\libcpu\aarch64\common\gtimer.o
 .debug_info    0x0000000000010d1a      0x6cc build\kernel\libcpu\aarch64\common\interrupt.o
 .debug_info    0x00000000000113e6     0x1756 build\kernel\libcpu\aarch64\common\mmu.o
 .debug_info    0x0000000000012b3c      0x12f build\kernel\libcpu\aarch64\common\stack.o
 .debug_info    0x0000000000012c6b       0x22 build\kernel\libcpu\aarch64\common\startup_gcc.o
 .debug_info    0x0000000000012c8d      0x50c build\kernel\libcpu\aarch64\common\trap.o
 .debug_info    0x0000000000013199       0x2e build\kernel\libcpu\aarch64\common\vector_gcc.o
 .debug_info    0x00000000000131c7       0x2e build\kernel\libcpu\aarch64\cortex-a\entry_point.o
 .debug_info    0x00000000000131f5      0x558 build\kernel\src\clock.o
 .debug_info    0x000000000001374d      0x623 build\kernel\src\components.o
 .debug_info    0x0000000000013d70      0xa5b build\kernel\src\device.o
 .debug_info    0x00000000000147cb      0x773 build\kernel\src\idle.o
 .debug_info    0x0000000000014f3e     0x3043 build\kernel\src\ipc.o
 .debug_info    0x0000000000017f81      0x234 build\kernel\src\irq.o
 .debug_info    0x00000000000181b5     0x1cac build\kernel\src\kservice.o
 .debug_info    0x0000000000019e61      0xac5 build\kernel\src\mem.o
 .debug_info    0x000000000001a926      0xbb0 build\kernel\src\memheap.o
 .debug_info    0x000000000001b4d6      0xb1d build\kernel\src\object.o
 .debug_info    0x000000000001bff3      0x9d0 build\kernel\src\scheduler_up.o
 .debug_info    0x000000000001c9c3     0x1027 build\kernel\src\thread.o
 .debug_info    0x000000000001d9ea      0xdcf build\kernel\src\timer.o
 .debug_info    0x000000000001e7b9      0x9ce d:/gcc-arm-10.3-2021.07-mingw-w64-i686-aarch64-none-elf/bin/../lib/gcc/aarch64-none-elf/10.3.1\libc.a(lib_a-atoi.o)
 .debug_info    0x000000000001f187      0xc06 d:/gcc-arm-10.3-2021.07-mingw-w64-i686-aarch64-none-elf/bin/../lib/gcc/aarch64-none-elf/10.3.1\libc.a(lib_a-ctype_.o)
 .debug_info    0x000000000001fd8d       0x2e d:/gcc-arm-10.3-2021.07-mingw-w64-i686-aarch64-none-elf/bin/../lib/gcc/aarch64-none-elf/10.3.1\libc.a(lib_a-memcmp.o)
 .debug_info    0x000000000001fdbb       0x2e d:/gcc-arm-10.3-2021.07-mingw-w64-i686-aarch64-none-elf/bin/../lib/gcc/aarch64-none-elf/10.3.1\libc.a(lib_a-strcmp.o)
 .debug_info    0x000000000001fde9       0x2e d:/gcc-arm-10.3-2021.07-mingw-w64-i686-aarch64-none-elf/bin/../lib/gcc/aarch64-none-elf/10.3.1\libc.a(lib_a-strcpy.o)
 .debug_info    0x000000000001fe17       0x2e d:/gcc-arm-10.3-2021.07-mingw-w64-i686-aarch64-none-elf/bin/../lib/gcc/aarch64-none-elf/10.3.1\libc.a(lib_a-strlen.o)
 .debug_info    0x000000000001fe45      0x13e d:/gcc-arm-10.3-2021.07-mingw-w64-i686-aarch64-none-elf/bin/../lib/gcc/aarch64-none-elf/10.3.1\libc.a(lib_a-strncat.o)
 .debug_info    0x000000000001ff83       0x2e d:/gcc-arm-10.3-2021.07-mingw-w64-i686-aarch64-none-elf/bin/../lib/gcc/aarch64-none-elf/10.3.1\libc.a(lib_a-strncmp.o)
 .debug_info    0x000000000001ffb1      0x15f d:/gcc-arm-10.3-2021.07-mingw-w64-i686-aarch64-none-elf/bin/../lib/gcc/aarch64-none-elf/10.3.1\libc.a(lib_a-strncpy.o)
 .debug_info    0x0000000000020110     0x10ef d:/gcc-arm-10.3-2021.07-mingw-w64-i686-aarch64-none-elf/bin/../lib/gcc/aarch64-none-elf/10.3.1\libc.a(lib_a-strtol.o)
 .debug_info    0x00000000000211ff      0x93a d:/gcc-arm-10.3-2021.07-mingw-w64-i686-aarch64-none-elf/bin/../lib/gcc/aarch64-none-elf/10.3.1\libc.a(lib_a-impure.o)

.debug_abbrev   0x0000000000000000     0x5d41
 *(.debug_abbrev)
 .debug_abbrev  0x0000000000000000       0x62 build\applications\main.o
 .debug_abbrev  0x0000000000000062      0x17e build\driver\board.o
 .debug_abbrev  0x00000000000001e0      0x248 build\driver\drv_uart.o
 .debug_abbrev  0x0000000000000428      0x1dd build\kernel\components\drivers\ipc\completion.o
 .debug_abbrev  0x0000000000000605      0x283 build\kernel\components\drivers\misc\pin.o
 .debug_abbrev  0x0000000000000888      0x273 build\kernel\components\drivers\serial\serial.o
 .debug_abbrev  0x0000000000000afb      0x2c0 build\kernel\components\finsh\cmd.o
 .debug_abbrev  0x0000000000000dbb      0x239 build\kernel\components\finsh\msh.o
 .debug_abbrev  0x0000000000000ff4       0xe0 build\kernel\components\finsh\msh_parse.o
 .debug_abbrev  0x00000000000010d4      0x34c build\kernel\components\finsh\shell.o
 .debug_abbrev  0x0000000000001420      0x152 build\kernel\components\libc\compilers\common\cstdlib.o
 .debug_abbrev  0x0000000000001572      0x326 build\kernel\components\libc\compilers\newlib\syscalls.o
 .debug_abbrev  0x0000000000001898      0x215 build\kernel\components\mm\avl_adpt.o
 .debug_abbrev  0x0000000000001aad      0x3b3 build\kernel\components\mm\mm_aspace.o
 .debug_abbrev  0x0000000000001e60      0x1fd build\kernel\components\mm\mm_kmem.o
 .debug_abbrev  0x000000000000205d      0x222 build\kernel\components\mm\mm_object.o
 .debug_abbrev  0x000000000000227f      0x3bd build\kernel\components\mm\mm_page.o
 .debug_abbrev  0x000000000000263c       0xef build\kernel\components\utilities\libadt\avl.o
 .debug_abbrev  0x000000000000272b      0x15e build\kernel\libcpu\aarch64\common\backtrace.o
 .debug_abbrev  0x0000000000002889       0x14 build\kernel\libcpu\aarch64\common\cache.o
 .debug_abbrev  0x000000000000289d       0xd2 build\kernel\libcpu\aarch64\common\cache_ops.o
 .debug_abbrev  0x000000000000296f       0x14 build\kernel\libcpu\aarch64\common\context_gcc.o
 .debug_abbrev  0x0000000000002983      0x118 build\kernel\libcpu\aarch64\common\cpu.o
 .debug_abbrev  0x0000000000002a9b       0x14 build\kernel\libcpu\aarch64\common\cpu_gcc.o
 .debug_abbrev  0x0000000000002aaf       0xa0 build\kernel\libcpu\aarch64\common\exception.o
 .debug_abbrev  0x0000000000002b4f      0x26e build\kernel\libcpu\aarch64\common\gicv3.o
 .debug_abbrev  0x0000000000002dbd       0xb5 build\kernel\libcpu\aarch64\common\gtimer.o
 .debug_abbrev  0x0000000000002e72      0x20d build\kernel\libcpu\aarch64\common\interrupt.o
 .debug_abbrev  0x000000000000307f      0x393 build\kernel\libcpu\aarch64\common\mmu.o
 .debug_abbrev  0x0000000000003412       0x87 build\kernel\libcpu\aarch64\common\stack.o
 .debug_abbrev  0x0000000000003499       0x12 build\kernel\libcpu\aarch64\common\startup_gcc.o
 .debug_abbrev  0x00000000000034ab      0x16e build\kernel\libcpu\aarch64\common\trap.o
 .debug_abbrev  0x0000000000003619       0x14 build\kernel\libcpu\aarch64\common\vector_gcc.o
 .debug_abbrev  0x000000000000362d       0x14 build\kernel\libcpu\aarch64\cortex-a\entry_point.o
 .debug_abbrev  0x0000000000003641      0x17a build\kernel\src\clock.o
 .debug_abbrev  0x00000000000037bb      0x17e build\kernel\src\components.o
 .debug_abbrev  0x0000000000003939      0x1c0 build\kernel\src\device.o
 .debug_abbrev  0x0000000000003af9      0x207 build\kernel\src\idle.o
 .debug_abbrev  0x0000000000003d00      0x2ba build\kernel\src\ipc.o
 .debug_abbrev  0x0000000000003fba      0x106 build\kernel\src\irq.o
 .debug_abbrev  0x00000000000040c0      0x3be build\kernel\src\kservice.o
 .debug_abbrev  0x000000000000447e      0x237 build\kernel\src\mem.o
 .debug_abbrev  0x00000000000046b5      0x1ed build\kernel\src\memheap.o
 .debug_abbrev  0x00000000000048a2      0x249 build\kernel\src\object.o
 .debug_abbrev  0x0000000000004aeb      0x269 build\kernel\src\scheduler_up.o
 .debug_abbrev  0x0000000000004d54      0x25f build\kernel\src\thread.o
 .debug_abbrev  0x0000000000004fb3      0x2ae build\kernel\src\timer.o
 .debug_abbrev  0x0000000000005261      0x1fa d:/gcc-arm-10.3-2021.07-mingw-w64-i686-aarch64-none-elf/bin/../lib/gcc/aarch64-none-elf/10.3.1\libc.a(lib_a-atoi.o)
 .debug_abbrev  0x000000000000545b      0x214 d:/gcc-arm-10.3-2021.07-mingw-w64-i686-aarch64-none-elf/bin/../lib/gcc/aarch64-none-elf/10.3.1\libc.a(lib_a-ctype_.o)
 .debug_abbrev  0x000000000000566f       0x14 d:/gcc-arm-10.3-2021.07-mingw-w64-i686-aarch64-none-elf/bin/../lib/gcc/aarch64-none-elf/10.3.1\libc.a(lib_a-memcmp.o)
 .debug_abbrev  0x0000000000005683       0x14 d:/gcc-arm-10.3-2021.07-mingw-w64-i686-aarch64-none-elf/bin/../lib/gcc/aarch64-none-elf/10.3.1\libc.a(lib_a-strcmp.o)
 .debug_abbrev  0x0000000000005697       0x14 d:/gcc-arm-10.3-2021.07-mingw-w64-i686-aarch64-none-elf/bin/../lib/gcc/aarch64-none-elf/10.3.1\libc.a(lib_a-strcpy.o)
 .debug_abbrev  0x00000000000056ab       0x14 d:/gcc-arm-10.3-2021.07-mingw-w64-i686-aarch64-none-elf/bin/../lib/gcc/aarch64-none-elf/10.3.1\libc.a(lib_a-strlen.o)
 .debug_abbrev  0x00000000000056bf       0xb3 d:/gcc-arm-10.3-2021.07-mingw-w64-i686-aarch64-none-elf/bin/../lib/gcc/aarch64-none-elf/10.3.1\libc.a(lib_a-strncat.o)
 .debug_abbrev  0x0000000000005772       0x14 d:/gcc-arm-10.3-2021.07-mingw-w64-i686-aarch64-none-elf/bin/../lib/gcc/aarch64-none-elf/10.3.1\libc.a(lib_a-strncmp.o)
 .debug_abbrev  0x0000000000005786       0xbb d:/gcc-arm-10.3-2021.07-mingw-w64-i686-aarch64-none-elf/bin/../lib/gcc/aarch64-none-elf/10.3.1\libc.a(lib_a-strncpy.o)
 .debug_abbrev  0x0000000000005841      0x339 d:/gcc-arm-10.3-2021.07-mingw-w64-i686-aarch64-none-elf/bin/../lib/gcc/aarch64-none-elf/10.3.1\libc.a(lib_a-strtol.o)
 .debug_abbrev  0x0000000000005b7a      0x1c7 d:/gcc-arm-10.3-2021.07-mingw-w64-i686-aarch64-none-elf/bin/../lib/gcc/aarch64-none-elf/10.3.1\libc.a(lib_a-impure.o)

.debug_line     0x0000000000000000     0xe163
 *(.debug_line)
 .debug_line    0x0000000000000000       0x52 build\applications\main.o
 .debug_line    0x0000000000000052      0x297 build\driver\board.o
 .debug_line    0x00000000000002e9      0x370 build\driver\drv_uart.o
 .debug_line    0x0000000000000659      0x2aa build\kernel\components\drivers\ipc\completion.o
 .debug_line    0x0000000000000903      0x601 build\kernel\components\drivers\misc\pin.o
 .debug_line    0x0000000000000f04      0x7c8 build\kernel\components\drivers\serial\serial.o
 .debug_line    0x00000000000016cc      0x935 build\kernel\components\finsh\cmd.o
 .debug_line    0x0000000000002001      0x3de build\kernel\components\finsh\msh.o
 .debug_line    0x00000000000023df      0x1ef build\kernel\components\finsh\msh_parse.o
 .debug_line    0x00000000000025ce      0x780 build\kernel\components\finsh\shell.o
 .debug_line    0x0000000000002d4e      0x2fe build\kernel\components\libc\compilers\common\cstdlib.o
 .debug_line    0x000000000000304c      0x3d5 build\kernel\components\libc\compilers\newlib\syscalls.o
 .debug_line    0x0000000000003421      0x3b5 build\kernel\components\mm\avl_adpt.o
 .debug_line    0x00000000000037d6      0xb61 build\kernel\components\mm\mm_aspace.o
 .debug_line    0x0000000000004337      0x29a build\kernel\components\mm\mm_kmem.o
 .debug_line    0x00000000000045d1      0x2c5 build\kernel\components\mm\mm_object.o
 .debug_line    0x0000000000004896      0x8b3 build\kernel\components\mm\mm_page.o
 .debug_line    0x0000000000005149      0x3aa build\kernel\components\utilities\libadt\avl.o
 .debug_line    0x00000000000054f3      0x106 build\kernel\libcpu\aarch64\common\backtrace.o
 .debug_line    0x00000000000055f9       0xc5 build\kernel\libcpu\aarch64\common\cache.o
 .debug_line    0x00000000000056be      0x152 build\kernel\libcpu\aarch64\common\cache_ops.o
 .debug_line    0x0000000000005810       0xdb build\kernel\libcpu\aarch64\common\context_gcc.o
 .debug_line    0x00000000000058eb      0x1a1 build\kernel\libcpu\aarch64\common\cpu.o
 .debug_line    0x0000000000005a8c       0x96 build\kernel\libcpu\aarch64\common\cpu_gcc.o
 .debug_line    0x0000000000005b22      0x1f2 build\kernel\libcpu\aarch64\common\exception.o
 .debug_line    0x0000000000005d14      0x98d build\kernel\libcpu\aarch64\common\gicv3.o
 .debug_line    0x00000000000066a1      0x1b0 build\kernel\libcpu\aarch64\common\gtimer.o
 .debug_line    0x0000000000006851      0x25b build\kernel\libcpu\aarch64\common\interrupt.o
 .debug_line    0x0000000000006aac      0x818 build\kernel\libcpu\aarch64\common\mmu.o
 .debug_line    0x00000000000072c4      0x1aa build\kernel\libcpu\aarch64\common\stack.o
 .debug_line    0x000000000000746e       0x74 build\kernel\libcpu\aarch64\common\startup_gcc.o
 .debug_line    0x00000000000074e2      0x1d0 build\kernel\libcpu\aarch64\common\trap.o
 .debug_line    0x00000000000076b2       0x7e build\kernel\libcpu\aarch64\common\vector_gcc.o
 .debug_line    0x0000000000007730       0xbb build\kernel\libcpu\aarch64\cortex-a\entry_point.o
 .debug_line    0x00000000000077eb      0x1b8 build\kernel\src\clock.o
 .debug_line    0x00000000000079a3      0x1db build\kernel\src\components.o
 .debug_line    0x0000000000007b7e      0x425 build\kernel\src\device.o
 .debug_line    0x0000000000007fa3      0x326 build\kernel\src\idle.o
 .debug_line    0x00000000000082c9     0x1592 build\kernel\src\ipc.o
 .debug_line    0x000000000000985b      0x186 build\kernel\src\irq.o
 .debug_line    0x00000000000099e1      0xd6d build\kernel\src\kservice.o
 .debug_line    0x000000000000a74e      0x81a build\kernel\src\mem.o
 .debug_line    0x000000000000af68      0x90a build\kernel\src\memheap.o
 .debug_line    0x000000000000b872      0x4ad build\kernel\src\object.o
 .debug_line    0x000000000000bd1f      0x41e build\kernel\src\scheduler_up.o
 .debug_line    0x000000000000c13d      0x5ee build\kernel\src\thread.o
 .debug_line    0x000000000000c72b      0x6b0 build\kernel\src\timer.o
 .debug_line    0x000000000000cddb      0x214 d:/gcc-arm-10.3-2021.07-mingw-w64-i686-aarch64-none-elf/bin/../lib/gcc/aarch64-none-elf/10.3.1\libc.a(lib_a-atoi.o)
 .debug_line    0x000000000000cfef      0x277 d:/gcc-arm-10.3-2021.07-mingw-w64-i686-aarch64-none-elf/bin/../lib/gcc/aarch64-none-elf/10.3.1\libc.a(lib_a-ctype_.o)
 .debug_line    0x000000000000d266       0xdb d:/gcc-arm-10.3-2021.07-mingw-w64-i686-aarch64-none-elf/bin/../lib/gcc/aarch64-none-elf/10.3.1\libc.a(lib_a-memcmp.o)
 .debug_line    0x000000000000d341       0xd4 d:/gcc-arm-10.3-2021.07-mingw-w64-i686-aarch64-none-elf/bin/../lib/gcc/aarch64-none-elf/10.3.1\libc.a(lib_a-strcmp.o)
 .debug_line    0x000000000000d415      0x102 d:/gcc-arm-10.3-2021.07-mingw-w64-i686-aarch64-none-elf/bin/../lib/gcc/aarch64-none-elf/10.3.1\libc.a(lib_a-strcpy.o)
 .debug_line    0x000000000000d517       0xed d:/gcc-arm-10.3-2021.07-mingw-w64-i686-aarch64-none-elf/bin/../lib/gcc/aarch64-none-elf/10.3.1\libc.a(lib_a-strlen.o)
 .debug_line    0x000000000000d604      0x1ce d:/gcc-arm-10.3-2021.07-mingw-w64-i686-aarch64-none-elf/bin/../lib/gcc/aarch64-none-elf/10.3.1\libc.a(lib_a-strncat.o)
 .debug_line    0x000000000000d7d2      0x108 d:/gcc-arm-10.3-2021.07-mingw-w64-i686-aarch64-none-elf/bin/../lib/gcc/aarch64-none-elf/10.3.1\libc.a(lib_a-strncmp.o)
 .debug_line    0x000000000000d8da      0x1f2 d:/gcc-arm-10.3-2021.07-mingw-w64-i686-aarch64-none-elf/bin/../lib/gcc/aarch64-none-elf/10.3.1\libc.a(lib_a-strncpy.o)
 .debug_line    0x000000000000dacc      0x533 d:/gcc-arm-10.3-2021.07-mingw-w64-i686-aarch64-none-elf/bin/../lib/gcc/aarch64-none-elf/10.3.1\libc.a(lib_a-strtol.o)
 .debug_line    0x000000000000dfff      0x164 d:/gcc-arm-10.3-2021.07-mingw-w64-i686-aarch64-none-elf/bin/../lib/gcc/aarch64-none-elf/10.3.1\libc.a(lib_a-impure.o)

.debug_frame    0x0000000000000000     0x5e88
 *(.debug_frame)
 .debug_frame   0x0000000000000000       0x38 build\applications\main.o
 .debug_frame   0x0000000000000038       0x68 build\driver\board.o
 .debug_frame   0x00000000000000a0      0x150 build\driver\drv_uart.o
 .debug_frame   0x00000000000001f0       0xe8 build\kernel\components\drivers\ipc\completion.o
 .debug_frame   0x00000000000002d8      0x2e0 build\kernel\components\drivers\misc\pin.o
 .debug_frame   0x00000000000005b8      0x218 build\kernel\components\drivers\serial\serial.o
 .debug_frame   0x00000000000007d0      0x338 build\kernel\components\finsh\cmd.o
 .debug_frame   0x0000000000000b08      0x170 build\kernel\components\finsh\msh.o
 .debug_frame   0x0000000000000c78       0x70 build\kernel\components\finsh\msh_parse.o
 .debug_frame   0x0000000000000ce8      0x280 build\kernel\components\finsh\shell.o
 .debug_frame   0x0000000000000f68       0xf0 build\kernel\components\libc\compilers\common\cstdlib.o
 .debug_frame   0x0000000000001058      0x3d8 build\kernel\components\libc\compilers\newlib\syscalls.o
 .debug_frame   0x0000000000001430      0x180 build\kernel\components\mm\avl_adpt.o
 .debug_frame   0x00000000000015b0      0x680 build\kernel\components\mm\mm_aspace.o
 .debug_frame   0x0000000000001c30       0xc0 build\kernel\components\mm\mm_kmem.o
 .debug_frame   0x0000000000001cf0      0x138 build\kernel\components\mm\mm_object.o
 .debug_frame   0x0000000000001e28      0x488 build\kernel\components\mm\mm_page.o
 .debug_frame   0x00000000000022b0       0xe0 build\kernel\components\utilities\libadt\avl.o
 .debug_frame   0x0000000000002390       0xa8 build\kernel\libcpu\aarch64\common\backtrace.o
 .debug_frame   0x0000000000002438      0x130 build\kernel\libcpu\aarch64\common\cache_ops.o
 .debug_frame   0x0000000000002568       0x50 build\kernel\libcpu\aarch64\common\cpu.o
 .debug_frame   0x00000000000025b8       0x60 build\kernel\libcpu\aarch64\common\exception.o
 .debug_frame   0x0000000000002618      0x500 build\kernel\libcpu\aarch64\common\gicv3.o
 .debug_frame   0x0000000000002b18       0xf8 build\kernel\libcpu\aarch64\common\gtimer.o
 .debug_frame   0x0000000000002c10      0x370 build\kernel\libcpu\aarch64\common\interrupt.o
 .debug_frame   0x0000000000002f80      0x310 build\kernel\libcpu\aarch64\common\mmu.o
 .debug_frame   0x0000000000003290       0x30 build\kernel\libcpu\aarch64\common\stack.o
 .debug_frame   0x00000000000032c0       0xf8 build\kernel\libcpu\aarch64\common\trap.o
 .debug_frame   0x00000000000033b8       0xe0 build\kernel\src\clock.o
 .debug_frame   0x0000000000003498      0x160 build\kernel\src\components.o
 .debug_frame   0x00000000000035f8      0x218 build\kernel\src\device.o
 .debug_frame   0x0000000000003810      0x180 build\kernel\src\idle.o
 .debug_frame   0x0000000000003990      0xc90 build\kernel\src\ipc.o
 .debug_frame   0x0000000000004620       0xc8 build\kernel\src\irq.o
 .debug_frame   0x00000000000046e8      0x700 build\kernel\src\kservice.o
 .debug_frame   0x0000000000004de8      0x170 build\kernel\src\mem.o
 .debug_frame   0x0000000000004f58      0x178 build\kernel\src\memheap.o
 .debug_frame   0x00000000000050d0      0x2c8 build\kernel\src\object.o
 .debug_frame   0x0000000000005398      0x270 build\kernel\src\scheduler_up.o
 .debug_frame   0x0000000000005608      0x3c0 build\kernel\src\thread.o
 .debug_frame   0x00000000000059c8      0x348 build\kernel\src\timer.o
 .debug_frame   0x0000000000005d10       0x60 d:/gcc-arm-10.3-2021.07-mingw-w64-i686-aarch64-none-elf/bin/../lib/gcc/aarch64-none-elf/10.3.1\libc.a(lib_a-atoi.o)
 .debug_frame   0x0000000000005d70       0x28 d:/gcc-arm-10.3-2021.07-mingw-w64-i686-aarch64-none-elf/bin/../lib/gcc/aarch64-none-elf/10.3.1\libc.a(lib_a-ctype_.o)
 .debug_frame   0x0000000000005d98       0x28 d:/gcc-arm-10.3-2021.07-mingw-w64-i686-aarch64-none-elf/bin/../lib/gcc/aarch64-none-elf/10.3.1\libc.a(lib_a-strncat.o)
 .debug_frame   0x0000000000005dc0       0x28 d:/gcc-arm-10.3-2021.07-mingw-w64-i686-aarch64-none-elf/bin/../lib/gcc/aarch64-none-elf/10.3.1\libc.a(lib_a-strncpy.o)
 .debug_frame   0x0000000000005de8       0xa0 d:/gcc-arm-10.3-2021.07-mingw-w64-i686-aarch64-none-elf/bin/../lib/gcc/aarch64-none-elf/10.3.1\libc.a(lib_a-strtol.o)

.debug_str      0x0000000000000000     0x5e0b
 *(.debug_str)
 .debug_str     0x0000000000000000      0x117 build\applications\main.o
                                        0x150 (size before relaxing)
 .debug_str     0x0000000000000117      0x516 build\driver\board.o
                                        0x751 (size before relaxing)
 .debug_str     0x000000000000062d      0x4d8 build\driver\drv_uart.o
                                        0x797 (size before relaxing)
 .debug_str     0x0000000000000b05      0x10f build\kernel\components\drivers\ipc\completion.o
                                        0x443 (size before relaxing)